$ uv run --locked benchmark.py --model cgenn --variant nbody --batch 3 --nodes 6 --hidden-features 16 --layers 3 --device mps --backend both --mode both --warmup 5 --iters 20 --cpu-threads 4 --cpu-interop-threads 4

=== Provenance ===
Python: 3.12.13 (/Users/haro/works/clifra-model-bench/.venv/bin/python3)
PyTorch: 2.14.0
Clifra: 2.0.3
Clifra source: /Users/haro/works/clifra-model-bench/.venv/lib/python3.12/site-packages/clifra/__init__.py
Clifra git commit: installed package
reference source: Ruhe, Brandstetter, Forré, Clifford Group Equivariant Neural Networks; DavidRuhe/clifford-group-equivariant-neural-networks 08f2f2cbf5f7a723ea8539daf9f20a24cde73b1b (execution-only port; upstream b() indentation repaired)
benchmark git commit: 459c6c09f30625a6a214ee610e9bcfc4cd84543e
platform: macOS-26.6.2-arm64-arm-64bit / arm64
macOS: 26.6.2
device: mps
parameter dtypes: torch.float32
CPU intra-op threads: 4
CPU inter-op threads: 4
thread environment: unset
model: cgenn variant=nbody, signature=(3,0), batch=3, nodes/graph=6, options={'hidden_features': 16, 'n_layers': 3}, eval=True
parameter counts: reference=46,977, clifra=46,977
execution: eager, mode=both

=== Correctness ===
reference: finite forward, finite backward PASS
clifra: finite forward, finite backward PASS
basis roundtrip and per-grade layouts: PASS
parameter correspondence: PASS (46,977 scalars; 124 tensors)
MVLinear: output/input/all parameter gradients and reflections PASS
MVLinear shared: output/input/all parameter gradients and reflections PASS
NormalizationLayer: output/input/all parameter gradients and reflections PASS
MVSiLU: output/input/all parameter gradients and reflections PASS
MVLayerNorm: output/input/all parameter gradients and reflections PASS
SteerableGP: output/input/all parameter gradients and reflections PASS
FullyConnectedGP: output/input/all parameter gradients and reflections PASS
whole-model output, input and 124 parameter tensor gradients: PASS
two reflections and one composed Clifford-group action: PASS

=== forward (eager) ===
backend       min_ms     p25_ms  median_ms     p75_ms      graphs/s      nodes/s      edges/s     params
reference      66.936     67.740     71.169     74.430         42.2        252.9      1,264.6     46,977
clifra         25.110     25.377     25.985     26.668        115.5        692.7      3,463.5     46,977
speed ratio reference_median / clifra_median = 2.739
> 1.0 = Clifra faster; < 1.0 = reference faster

=== forward+backward (eager) ===
backend       min_ms     p25_ms  median_ms     p75_ms      graphs/s      nodes/s      edges/s     params
reference     140.537    145.452    149.443    152.402         20.1        120.4        602.2     46,977
clifra         70.654     73.426     79.416     81.811         37.8        226.7      1,133.3     46,977
speed ratio reference_median / clifra_median = 1.882
> 1.0 = Clifra faster; < 1.0 = reference faster

exit_code=0
