$ uv run --locked benchmark.py --model cgenn --variant o3 --batch 4 --hidden-features 32 --layers 4 --device mps --backend both --mode both --warmup 5 --iters 20 --cpu-threads 4 --cpu-interop-threads 4 --compile

=== Provenance ===
Python: 3.12.13 (/Users/haro/works/clifra-model-bench/.venv/bin/python3)
PyTorch: 2.14.0
Clifra: 2.0.3
Clifra source: /Users/haro/works/clifra-model-bench/.venv/lib/python3.12/site-packages/clifra/__init__.py
Clifra git commit: installed package
reference source: Ruhe, Brandstetter, Forré, Clifford Group Equivariant Neural Networks; DavidRuhe/clifford-group-equivariant-neural-networks 08f2f2cbf5f7a723ea8539daf9f20a24cde73b1b (execution-only port; upstream b() indentation repaired)
benchmark git commit: 459c6c09f30625a6a214ee610e9bcfc4cd84543e
platform: macOS-26.6.2-arm64-arm-64bit / arm64
macOS: 26.6.2
device: mps
parameter dtypes: torch.float32
CPU intra-op threads: 4
CPU inter-op threads: 4
thread environment: unset
model: cgenn variant=o3, signature=(3,0), batch=4, nodes/graph=n/a, options={'hidden_features': 32, 'num_layers': 4}, eval=True
parameter counts: reference=8,145, clifra=8,145
execution: compiled, mode=both

=== Correctness ===
reference: finite forward, finite backward PASS
clifra: finite forward, finite backward PASS
basis roundtrip and per-grade layouts: PASS
parameter correspondence: PASS (8,145 scalars; 16 tensors)
MVLinear: output/input/all parameter gradients and reflections PASS
MVLinear shared: output/input/all parameter gradients and reflections PASS
NormalizationLayer: output/input/all parameter gradients and reflections PASS
MVSiLU: output/input/all parameter gradients and reflections PASS
MVLayerNorm: output/input/all parameter gradients and reflections PASS
SteerableGP: output/input/all parameter gradients and reflections PASS
FullyConnectedGP: output/input/all parameter gradients and reflections PASS
whole-model output, input and 16 parameter tensor gradients: PASS
two reflections and one composed Clifford-group action: PASS

=== torch.compile preparation: forward ===
reference: compile API=349.892 ms, first call=2482.656 ms, output check=PASS, graphs=17, graph_breaks=17, recompile_limit_warning=False
clifra: compile API=0.387 ms, first call=1254.670 ms, output check=PASS, graphs=15, graph_breaks=7, recompile_limit_warning=False

=== forward (compiled) ===
backend       min_ms     p25_ms  median_ms     p75_ms     samples/s     points/s     params
reference       6.217      6.459      6.667      7.181        600.0      1,799.9      8,145
clifra          4.067      4.191      4.465      4.703        895.9      2,687.8      8,145
speed ratio reference_median / clifra_median = 1.493
> 1.0 = Clifra faster; < 1.0 = reference faster

=== torch.compile preparation: forward+backward ===
reference: compile API=0.463 ms, first call=4003.515 ms, output/gradients check=PASS, graphs=15, graph_breaks=14, recompile_limit_warning=False
clifra: compile API=0.472 ms, first call=2694.336 ms, output/gradients check=PASS, graphs=13, graph_breaks=6, recompile_limit_warning=False

=== forward+backward (compiled) ===
backend       min_ms     p25_ms  median_ms     p75_ms     samples/s     points/s     params
reference       8.559      9.043      9.274      9.462        431.3      1,293.9      8,145
clifra          8.904      9.460      9.678     10.134        413.3      1,240.0      8,145
speed ratio reference_median / clifra_median = 0.958
> 1.0 = Clifra faster; < 1.0 = reference faster
W0920 19:56:59.852000 98503 .venv/lib/python3.12/site-packages/torch/_inductor/utils.py:1806] [3/0] Not enough SMs to use max_autotune_gemm mode

exit_code=0
