$ uv run --locked benchmark.py --model cgenn --variant o5_regression --batch 4 --device mps --backend both --mode both --warmup 5 --iters 20 --cpu-threads 4 --cpu-interop-threads 4

=== Provenance ===
Python: 3.12.13 (/Users/haro/works/clifra-model-bench/.venv/bin/python3)
PyTorch: 2.14.0
Clifra: 2.0.3
Clifra source: /Users/haro/works/clifra-model-bench/.venv/lib/python3.12/site-packages/clifra/__init__.py
Clifra git commit: installed package
reference source: Ruhe, Brandstetter, Forré, Clifford Group Equivariant Neural Networks; DavidRuhe/clifford-group-equivariant-neural-networks 08f2f2cbf5f7a723ea8539daf9f20a24cde73b1b (execution-only port; upstream b() indentation repaired)
benchmark git commit: 459c6c09f30625a6a214ee610e9bcfc4cd84543e
platform: macOS-26.6.2-arm64-arm-64bit / arm64
macOS: 26.6.2
device: mps
parameter dtypes: torch.float32
CPU intra-op threads: 4
CPU inter-op threads: 4
thread environment: unset
model: cgenn variant=o5_regression, signature=(5,0), batch=4, nodes/graph=n/a, options={}, eval=True
parameter counts: reference=344,077, clifra=344,077
execution: eager, mode=both

=== Correctness ===
reference: finite forward, finite backward PASS
clifra: finite forward, finite backward PASS
basis roundtrip and per-grade layouts: PASS
parameter correspondence: PASS (344,077 scalars; 13 tensors)
MVLinear: output/input/all parameter gradients and reflections PASS
MVLinear shared: output/input/all parameter gradients and reflections PASS
NormalizationLayer: output/input/all parameter gradients and reflections PASS
MVSiLU: output/input/all parameter gradients and reflections PASS
MVLayerNorm: output/input/all parameter gradients and reflections PASS
SteerableGP: output/input/all parameter gradients and reflections PASS
FullyConnectedGP: output/input/all parameter gradients and reflections PASS
whole-model output, input and 13 parameter tensor gradients: PASS
two reflections and one composed Clifford-group action: PASS

=== forward (eager) ===
backend       min_ms     p25_ms  median_ms     p75_ms     samples/s     points/s     params
reference       3.885      4.034      4.103      4.956        975.0      1,949.9    344,077
clifra          1.720      1.848      1.946      2.289      2,055.9      4,111.7    344,077
speed ratio reference_median / clifra_median = 2.109
> 1.0 = Clifra faster; < 1.0 = reference faster

=== forward+backward (eager) ===
backend       min_ms     p25_ms  median_ms     p75_ms     samples/s     points/s     params
reference      19.856     21.627     24.547     25.415        162.9        325.9    344,077
clifra          4.878      6.509      7.431      9.255        538.3      1,076.6    344,077
speed ratio reference_median / clifra_median = 3.303
> 1.0 = Clifra faster; < 1.0 = reference faster

exit_code=0
