$ uv run --locked benchmark.py --model cgenn --variant nbody --batch 3 --nodes 6 --hidden-features 16 --layers 3 --device mps --backend both --mode both --warmup 5 --iters 20 --cpu-threads 4 --cpu-interop-threads 4 --compile

=== Provenance ===
Python: 3.12.13 (/Users/haro/works/clifra-model-bench/.venv/bin/python3)
PyTorch: 2.14.0
Clifra: 2.0.3
Clifra source: /Users/haro/works/clifra-model-bench/.venv/lib/python3.12/site-packages/clifra/__init__.py
Clifra git commit: installed package
reference source: Ruhe, Brandstetter, Forré, Clifford Group Equivariant Neural Networks; DavidRuhe/clifford-group-equivariant-neural-networks 08f2f2cbf5f7a723ea8539daf9f20a24cde73b1b (execution-only port; upstream b() indentation repaired)
benchmark git commit: 459c6c09f30625a6a214ee610e9bcfc4cd84543e
platform: macOS-26.6.2-arm64-arm-64bit / arm64
macOS: 26.6.2
device: mps
parameter dtypes: torch.float32
CPU intra-op threads: 4
CPU inter-op threads: 4
thread environment: unset
model: cgenn variant=nbody, signature=(3,0), batch=3, nodes/graph=6, options={'hidden_features': 16, 'n_layers': 3}, eval=True
parameter counts: reference=46,977, clifra=46,977
execution: compiled, mode=both

=== Correctness ===
reference: finite forward, finite backward PASS
clifra: finite forward, finite backward PASS
basis roundtrip and per-grade layouts: PASS
parameter correspondence: PASS (46,977 scalars; 124 tensors)
MVLinear: output/input/all parameter gradients and reflections PASS
MVLinear shared: output/input/all parameter gradients and reflections PASS
NormalizationLayer: output/input/all parameter gradients and reflections PASS
MVSiLU: output/input/all parameter gradients and reflections PASS
MVLayerNorm: output/input/all parameter gradients and reflections PASS
SteerableGP: output/input/all parameter gradients and reflections PASS
FullyConnectedGP: output/input/all parameter gradients and reflections PASS
whole-model output, input and 124 parameter tensor gradients: PASS
two reflections and one composed Clifford-group action: PASS

=== torch.compile preparation: forward ===
reference: compile API=303.784 ms, first call=3717.440 ms, output check=PASS, graphs=26, graph_breaks=18, recompile_limit_warning=False
clifra: compile API=0.450 ms, first call=2065.611 ms, output check=PASS, graphs=23, graph_breaks=7, recompile_limit_warning=False

=== forward (compiled) ===
backend       min_ms     p25_ms  median_ms     p75_ms      graphs/s      nodes/s      edges/s     params
reference      40.937     41.389     41.653     41.860         72.0        432.1      2,160.7     46,977
clifra         20.797     21.131     21.314     21.456        140.8        844.5      4,222.6     46,977
speed ratio reference_median / clifra_median = 1.954
> 1.0 = Clifra faster; < 1.0 = reference faster

=== torch.compile preparation: forward+backward ===
reference: compile API=0.490 ms, first call=4438.551 ms, output/gradients check=PASS, graphs=15, graph_breaks=13, recompile_limit_warning=True
clifra: compile API=0.515 ms, first call=3971.820 ms, output/gradients check=PASS, graphs=15, graph_breaks=5, recompile_limit_warning=True

=== forward+backward (compiled) ===
backend       min_ms     p25_ms  median_ms     p75_ms      graphs/s      nodes/s      edges/s     params
reference      82.279     86.890     99.615    113.774         30.1        180.7        903.5     46,977
clifra         66.535     69.963     72.235     81.116         41.5        249.2      1,245.9     46,977
speed ratio reference_median / clifra_median = 1.379
> 1.0 = Clifra faster; < 1.0 = reference faster
W0920 19:58:26.869000 98844 .venv/lib/python3.12/site-packages/torch/_inductor/utils.py:1806] [1/0] Not enough SMs to use max_autotune_gemm mode
W0920 19:58:34.360000 98844 .venv/lib/python3.12/site-packages/torch/_dynamo/convert_frame.py:2008] [4/8] torch._dynamo hit config.recompile_limit (8)
W0920 19:58:34.360000 98844 .venv/lib/python3.12/site-packages/torch/_dynamo/convert_frame.py:2008] [4/8]    function: 'torch_dynamo_resume_in_forward_at_147' (/Users/haro/works/clifra-model-bench/models/cgenn/reference.py:147)
W0920 19:58:34.360000 98844 .venv/lib/python3.12/site-packages/torch/_dynamo/convert_frame.py:2008] [4/8]    last reason: 4/7: GLOBAL_STATE changed: grad_mode 
W0920 19:58:34.360000 98844 .venv/lib/python3.12/site-packages/torch/_dynamo/convert_frame.py:2008] [4/8] To log all recompilation reasons, use TORCH_LOGS="recompiles".
W0920 19:58:34.360000 98844 .venv/lib/python3.12/site-packages/torch/_dynamo/convert_frame.py:2008] [4/8] To diagnose recompilation issues, see https://docs.pytorch.org/docs/main/user_guide/torch_compiler/compile/programming_model.recompilation.html
W0920 19:58:35.880000 98844 .venv/lib/python3.12/site-packages/torch/_dynamo/convert_frame.py:2008] [1/8] torch._dynamo hit config.recompile_limit (8)
W0920 19:58:35.880000 98844 .venv/lib/python3.12/site-packages/torch/_dynamo/convert_frame.py:2008] [1/8]    function: 'forward' (/Users/haro/works/clifra-model-bench/models/cgenn/reference.py:145)
W0920 19:58:35.880000 98844 .venv/lib/python3.12/site-packages/torch/_dynamo/convert_frame.py:2008] [1/8]    last reason: 1/7: tensor 'self._parameters['weight']' size mismatch at index 1. expected 16, actual 32. Guard failed on a parameter, consider using torch._dynamo.config.force_parameter_static_shapes = False to allow dynamism on parameters.
W0920 19:58:35.880000 98844 .venv/lib/python3.12/site-packages/torch/_dynamo/convert_frame.py:2008] [1/8] To log all recompilation reasons, use TORCH_LOGS="recompiles".
W0920 19:58:35.880000 98844 .venv/lib/python3.12/site-packages/torch/_dynamo/convert_frame.py:2008] [1/8] To diagnose recompilation issues, see https://docs.pytorch.org/docs/main/user_guide/torch_compiler/compile/programming_model.recompilation.html
W0920 19:58:41.823000 98844 .venv/lib/python3.12/site-packages/torch/_dynamo/convert_frame.py:2008] [19/8] torch._dynamo hit config.recompile_limit (8)
W0920 19:58:41.823000 98844 .venv/lib/python3.12/site-packages/torch/_dynamo/convert_frame.py:2008] [19/8]    function: 'forward' (/Users/haro/works/clifra-model-bench/models/cgenn/clifra.py:79)
W0920 19:58:41.823000 98844 .venv/lib/python3.12/site-packages/torch/_dynamo/convert_frame.py:2008] [19/8]    last reason: 19/7: tensor 'values' size mismatch at index 1. expected 16, actual 32
W0920 19:58:41.823000 98844 .venv/lib/python3.12/site-packages/torch/_dynamo/convert_frame.py:2008] [19/8] To log all recompilation reasons, use TORCH_LOGS="recompiles".
W0920 19:58:41.823000 98844 .venv/lib/python3.12/site-packages/torch/_dynamo/convert_frame.py:2008] [19/8] To diagnose recompilation issues, see https://docs.pytorch.org/docs/main/user_guide/torch_compiler/compile/programming_model.recompilation.html

exit_code=0
