$ uv run --locked benchmark.py --model cgenn --variant o3 --device mps --backend both --mode both --warmup 5 --iters 20 --cpu-threads 4 --cpu-interop-threads 4 --compile

=== Provenance ===
Python: 3.12.13 (/Users/haro/works/clifra-model-bench/.venv/bin/python3)
PyTorch: 2.14.0
Clifra: 2.0.3
Clifra source: /Users/haro/works/clifra-model-bench/.venv/lib/python3.12/site-packages/clifra/__init__.py
Clifra git commit: installed package
reference source: Ruhe, Brandstetter, Forré, Clifford Group Equivariant Neural Networks; DavidRuhe/clifford-group-equivariant-neural-networks 08f2f2cbf5f7a723ea8539daf9f20a24cde73b1b (execution-only port; upstream b() indentation repaired)
benchmark git commit: 459c6c09f30625a6a214ee610e9bcfc4cd84543e
platform: macOS-26.6.2-arm64-arm-64bit / arm64
macOS: 26.6.2
device: mps
parameter dtypes: torch.float32
CPU intra-op threads: 4
CPU inter-op threads: 4
thread environment: unset
model: cgenn variant=o3, signature=(3,0), batch=2, nodes/graph=n/a, options={'hidden_features': 16, 'num_layers': 3}, eval=True
parameter counts: reference=2,945, clifra=2,945
execution: compiled, mode=both

=== Correctness ===
reference: finite forward, finite backward PASS
clifra: finite forward, finite backward PASS
basis roundtrip and per-grade layouts: PASS
parameter correspondence: PASS (2,945 scalars; 14 tensors)
MVLinear: output/input/all parameter gradients and reflections PASS
MVLinear shared: output/input/all parameter gradients and reflections PASS
NormalizationLayer: output/input/all parameter gradients and reflections PASS
MVSiLU: output/input/all parameter gradients and reflections PASS
MVLayerNorm: output/input/all parameter gradients and reflections PASS
SteerableGP: output/input/all parameter gradients and reflections PASS
FullyConnectedGP: output/input/all parameter gradients and reflections PASS
whole-model output, input and 14 parameter tensor gradients: PASS
two reflections and one composed Clifford-group action: PASS

=== torch.compile preparation: forward ===
reference: compile API=352.610 ms, first call=980.670 ms, output check=PASS, graphs=17, graph_breaks=17, recompile_limit_warning=False
clifra: compile API=0.465 ms, first call=482.884 ms, output check=PASS, graphs=15, graph_breaks=7, recompile_limit_warning=False

=== forward (compiled) ===
backend       min_ms     p25_ms  median_ms     p75_ms     samples/s     points/s     params
reference       5.799      6.384      6.475      6.728        308.9        926.7      2,945
clifra          3.583      3.733      3.932      4.040        508.6      1,525.9      2,945
speed ratio reference_median / clifra_median = 1.647
> 1.0 = Clifra faster; < 1.0 = reference faster

=== torch.compile preparation: forward+backward ===
reference: compile API=0.499 ms, first call=846.608 ms, output/gradients check=PASS, graphs=15, graph_breaks=14, recompile_limit_warning=False
clifra: compile API=0.447 ms, first call=475.019 ms, output/gradients check=PASS, graphs=13, graph_breaks=6, recompile_limit_warning=False

=== forward+backward (compiled) ===
backend       min_ms     p25_ms  median_ms     p75_ms     samples/s     points/s     params
reference       8.178      8.456      8.562      8.990        233.6        700.7      2,945
clifra          7.538      7.994      8.318      8.738        240.4        721.3      2,945
speed ratio reference_median / clifra_median = 1.029
> 1.0 = Clifra faster; < 1.0 = reference faster

exit_code=0
