$ uv run --locked benchmark.py --model cgenn --variant lorentz --batch 3 --nodes 6 --hidden-features 16 --hidden-scalar-features 8 --decoder-features 16 --layers 3 --device mps --backend both --mode both --warmup 5 --iters 20 --cpu-threads 4 --cpu-interop-threads 4

=== Provenance ===
Python: 3.12.13 (/Users/haro/works/clifra-model-bench/.venv/bin/python3)
PyTorch: 2.14.0
Clifra: 2.0.3
Clifra source: /Users/haro/works/clifra-model-bench/.venv/lib/python3.12/site-packages/clifra/__init__.py
Clifra git commit: installed package
reference source: Ruhe, Brandstetter, Forré, Clifford Group Equivariant Neural Networks; DavidRuhe/clifford-group-equivariant-neural-networks 08f2f2cbf5f7a723ea8539daf9f20a24cde73b1b (execution-only port; upstream b() indentation repaired)
benchmark git commit: 459c6c09f30625a6a214ee610e9bcfc4cd84543e
platform: macOS-26.6.2-arm64-arm-64bit / arm64
macOS: 26.6.2
device: mps
parameter dtypes: torch.float32
CPU intra-op threads: 4
CPU inter-op threads: 4
thread environment: unset
model: cgenn variant=lorentz, signature=(1,3), batch=3, nodes/graph=6, options={'hidden_features_x': 16, 'hidden_features_h': 8, 'n_layers': 3, 'decoder_features': 16}, eval=True
parameter counts: reference=228,488, clifra=228,488
execution: eager, mode=both

=== Correctness ===
reference: finite forward, finite backward PASS
clifra: finite forward, finite backward PASS
basis roundtrip and per-grade layouts: PASS
parameter correspondence: PASS (228,488 scalars; 95 tensors)
MVLinear: output/input/all parameter gradients and reflections PASS
MVLinear shared: output/input/all parameter gradients and reflections PASS
NormalizationLayer: output/input/all parameter gradients and reflections PASS
MVSiLU: output/input/all parameter gradients and reflections PASS
MVLayerNorm: output/input/all parameter gradients and reflections PASS
SteerableGP: output/input/all parameter gradients and reflections PASS
FullyConnectedGP: output/input/all parameter gradients and reflections PASS
whole-model output, input and 95 parameter tensor gradients: PASS
two reflections and one composed Clifford-group action: PASS

=== forward (eager) ===
backend       min_ms     p25_ms  median_ms     p75_ms      graphs/s      nodes/s      edges/s     params
reference      61.415     64.777     66.189     70.043         45.3        271.9      1,359.7    228,488
clifra         13.157     13.616     18.764     21.966        159.9        959.3      4,796.4    228,488
speed ratio reference_median / clifra_median = 3.527
> 1.0 = Clifra faster; < 1.0 = reference faster

=== forward+backward (eager) ===
backend       min_ms     p25_ms  median_ms     p75_ms      graphs/s      nodes/s      edges/s     params
reference     141.633    147.233    161.845    198.172         18.5        111.2        556.1    228,488
clifra         41.510     44.296     48.198     58.634         62.2        373.5      1,867.3    228,488
speed ratio reference_median / clifra_median = 3.358
> 1.0 = Clifra faster; < 1.0 = reference faster

exit_code=0
