$ uv run --locked benchmark.py --model cgenn --variant o5_regression --batch 4 --device mps --backend both --mode both --warmup 5 --iters 20 --cpu-threads 4 --cpu-interop-threads 4 --compile

=== Provenance ===
Python: 3.12.13 (/Users/haro/works/clifra-model-bench/.venv/bin/python3)
PyTorch: 2.14.0
Clifra: 2.0.3
Clifra source: /Users/haro/works/clifra-model-bench/.venv/lib/python3.12/site-packages/clifra/__init__.py
Clifra git commit: installed package
reference source: Ruhe, Brandstetter, Forré, Clifford Group Equivariant Neural Networks; DavidRuhe/clifford-group-equivariant-neural-networks 08f2f2cbf5f7a723ea8539daf9f20a24cde73b1b (execution-only port; upstream b() indentation repaired)
benchmark git commit: 459c6c09f30625a6a214ee610e9bcfc4cd84543e
platform: macOS-26.6.2-arm64-arm-64bit / arm64
macOS: 26.6.2
device: mps
parameter dtypes: torch.float32
CPU intra-op threads: 4
CPU inter-op threads: 4
thread environment: unset
model: cgenn variant=o5_regression, signature=(5,0), batch=4, nodes/graph=n/a, options={}, eval=True
parameter counts: reference=344,077, clifra=344,077
execution: compiled, mode=both

=== Correctness ===
reference: finite forward, finite backward PASS
clifra: finite forward, finite backward PASS
basis roundtrip and per-grade layouts: PASS
parameter correspondence: PASS (344,077 scalars; 13 tensors)
MVLinear: output/input/all parameter gradients and reflections PASS
MVLinear shared: output/input/all parameter gradients and reflections PASS
NormalizationLayer: output/input/all parameter gradients and reflections PASS
MVSiLU: output/input/all parameter gradients and reflections PASS
MVLayerNorm: output/input/all parameter gradients and reflections PASS
SteerableGP: output/input/all parameter gradients and reflections PASS
FullyConnectedGP: output/input/all parameter gradients and reflections PASS
whole-model output, input and 13 parameter tensor gradients: PASS
two reflections and one composed Clifford-group action: PASS

=== torch.compile preparation: forward ===
reference: compile API=362.683 ms, first call=1545.932 ms, output check=PASS, graphs=8, graph_breaks=7, recompile_limit_warning=False
clifra: compile API=0.484 ms, first call=525.738 ms, output check=PASS, graphs=7, graph_breaks=3, recompile_limit_warning=False

=== forward (compiled) ===
backend       min_ms     p25_ms  median_ms     p75_ms     samples/s     points/s     params
reference       3.041      3.257      3.488      3.572      1,146.9      2,293.8    344,077
clifra          1.589      1.716      1.858      2.184      2,152.3      4,304.7    344,077
speed ratio reference_median / clifra_median = 1.877
> 1.0 = Clifra faster; < 1.0 = reference faster

=== torch.compile preparation: forward+backward ===
reference: compile API=0.540 ms, first call=1856.996 ms, output/gradients check=PASS, graphs=8, graph_breaks=7, recompile_limit_warning=False
clifra: compile API=0.634 ms, first call=1094.808 ms, output/gradients check=PASS, graphs=7, graph_breaks=3, recompile_limit_warning=False

=== forward+backward (compiled) ===
backend       min_ms     p25_ms  median_ms     p75_ms     samples/s     points/s     params
reference       3.967      4.091      4.264      4.423        938.1      1,876.2    344,077
clifra          3.412      3.548      3.643      3.727      1,098.1      2,196.1    344,077
speed ratio reference_median / clifra_median = 1.171
> 1.0 = Clifra faster; < 1.0 = reference faster
W0920 19:57:23.045000 98601 .venv/lib/python3.12/site-packages/torch/_inductor/utils.py:1806] [1/0] Not enough SMs to use max_autotune_gemm mode

exit_code=0
