$ uv run --locked benchmark.py --model cgenn --variant lorentz --device mps --backend both --mode both --warmup 5 --iters 20 --cpu-threads 4 --cpu-interop-threads 4 --compile

=== Provenance ===
Python: 3.12.13 (/Users/haro/works/clifra-model-bench/.venv/bin/python3)
PyTorch: 2.14.0
Clifra: 2.0.3
Clifra source: /Users/haro/works/clifra-model-bench/.venv/lib/python3.12/site-packages/clifra/__init__.py
Clifra git commit: installed package
reference source: Ruhe, Brandstetter, Forré, Clifford Group Equivariant Neural Networks; DavidRuhe/clifford-group-equivariant-neural-networks 08f2f2cbf5f7a723ea8539daf9f20a24cde73b1b (execution-only port; upstream b() indentation repaired)
benchmark git commit: 459c6c09f30625a6a214ee610e9bcfc4cd84543e
platform: macOS-26.6.2-arm64-arm-64bit / arm64
macOS: 26.6.2
device: mps
parameter dtypes: torch.float32
CPU intra-op threads: 4
CPU inter-op threads: 4
thread environment: unset
model: cgenn variant=lorentz, signature=(1,3), batch=2, nodes/graph=4, options={'hidden_features_x': 4, 'hidden_features_h': 8, 'n_layers': 2, 'decoder_features': 8}, eval=True
parameter counts: reference=13,742, clifra=13,742
execution: compiled, mode=both

=== Correctness ===
reference: finite forward, finite backward PASS
clifra: finite forward, finite backward PASS
basis roundtrip and per-grade layouts: PASS
parameter correspondence: PASS (13,742 scalars; 66 tensors)
MVLinear: output/input/all parameter gradients and reflections PASS
MVLinear shared: output/input/all parameter gradients and reflections PASS
NormalizationLayer: output/input/all parameter gradients and reflections PASS
MVSiLU: output/input/all parameter gradients and reflections PASS
MVLayerNorm: output/input/all parameter gradients and reflections PASS
SteerableGP: output/input/all parameter gradients and reflections PASS
FullyConnectedGP: output/input/all parameter gradients and reflections PASS
whole-model output, input and 66 parameter tensor gradients: PASS
two reflections and one composed Clifford-group action: PASS

=== torch.compile preparation: forward ===
reference: compile API=402.925 ms, first call=1368.474 ms, output check=PASS, graphs=20, graph_breaks=17, recompile_limit_warning=False
clifra: compile API=0.418 ms, first call=677.583 ms, output check=PASS, graphs=14, graph_breaks=7, recompile_limit_warning=False

=== forward (compiled) ===
backend       min_ms     p25_ms  median_ms     p75_ms      graphs/s      nodes/s      edges/s     params
reference      12.127     12.538     12.676     12.861        157.8        631.1      1,893.3     13,742
clifra          6.350      6.758      6.883      7.040        290.6      1,162.2      3,486.6     13,742
speed ratio reference_median / clifra_median = 1.842
> 1.0 = Clifra faster; < 1.0 = reference faster

=== torch.compile preparation: forward+backward ===
reference: compile API=0.463 ms, first call=1210.230 ms, output/gradients check=PASS, graphs=17, graph_breaks=13, recompile_limit_warning=True
clifra: compile API=0.508 ms, first call=754.688 ms, output/gradients check=PASS, graphs=11, graph_breaks=6, recompile_limit_warning=False

=== forward+backward (compiled) ===
backend       min_ms     p25_ms  median_ms     p75_ms      graphs/s      nodes/s      edges/s     params
reference      20.735     27.781     32.218     38.949         62.1        248.3        744.9     13,742
clifra         15.049     15.240     16.276     21.068        122.9        491.5      1,474.6     13,742
speed ratio reference_median / clifra_median = 1.979
> 1.0 = Clifra faster; < 1.0 = reference faster
W0920 19:59:02.684000 98955 .venv/lib/python3.12/site-packages/torch/_dynamo/convert_frame.py:2008] [1/8] torch._dynamo hit config.recompile_limit (8)
W0920 19:59:02.684000 98955 .venv/lib/python3.12/site-packages/torch/_dynamo/convert_frame.py:2008] [1/8]    function: 'forward' (/Users/haro/works/clifra-model-bench/models/cgenn/reference.py:145)
W0920 19:59:02.684000 98955 .venv/lib/python3.12/site-packages/torch/_dynamo/convert_frame.py:2008] [1/8]    last reason: 1/7: tensor 'self._parameters['weight']' size mismatch at index 0. expected 4, actual 9. Guard failed on a parameter, consider using torch._dynamo.config.force_parameter_static_shapes = False to allow dynamism on parameters.
W0920 19:59:02.684000 98955 .venv/lib/python3.12/site-packages/torch/_dynamo/convert_frame.py:2008] [1/8] To log all recompilation reasons, use TORCH_LOGS="recompiles".
W0920 19:59:02.684000 98955 .venv/lib/python3.12/site-packages/torch/_dynamo/convert_frame.py:2008] [1/8] To diagnose recompilation issues, see https://docs.pytorch.org/docs/main/user_guide/torch_compiler/compile/programming_model.recompilation.html

exit_code=0
