$ uv run --locked benchmark.py --model clifford_resnet2d --device mps --backend both --mode both --warmup 5 --iters 20 --cpu-threads 4 --cpu-interop-threads 4 --compile

=== Provenance ===
Python: 3.12.13 (/Users/haro/works/clifra-model-bench/.venv/bin/python3)
PyTorch: 2.14.0
Clifra: 2.0.3
Clifra source: /Users/haro/works/clifra-model-bench/.venv/lib/python3.12/site-packages/clifra/__init__.py
Clifra git commit: installed package
cliffordlayers: 0.1.3.dev7+g74799cf45
reference source: Brandstetter et al., Clifford Neural Layers for PDE Modeling; Microsoft cliffordlayers 74799cf4588a065916305bfcf2f030d84918f0ad (MPS triangular-solve layout patch)
benchmark git commit: 459c6c09f30625a6a214ee610e9bcfc4cd84543e
platform: macOS-26.6.2-arm64-arm-64bit / arm64
macOS: 26.6.2
device: mps
parameter dtypes: torch.float32
CPU intra-op threads: 4
CPU inter-op threads: 4
thread environment: unset
model: clifford_resnet2d g=(2,0), batch=1, grid=32x32, channels=1/1, hidden=4, blocks=2, norm=True, rotation=False, padding=9
parameter counts: reference=2,736, clifra=2,736
execution: compiled, mode=both

=== Correctness ===
reference: finite forward, finite backward PASS
clifra: finite forward, finite backward PASS
basis/convention roundtrip: PASS (identical [1,e1,e2,e12] order)
parameter correspondence: PASS (2,736 scalars)
encoder equivalence: PASS
decoder equivalence: PASS
conv2d equivalence: PASS
basic block equivalence: PASS
whole-model output, input and 37 parameter gradients: PASS

=== torch.compile preparation: forward ===
reference: COMPILE FAILED: AssertionError: expected size 4==4, stride 1681==1 at dim=1; expected size 1681==1681, stride 1==4 at dim=2
Error in op: torch.ops.aten.linalg_solve_triangular.default
This error most often comes from a incorrect fake (aka meta) kernel for a custom op.
Use torch.library.opcheck to test your custom op.
See https://pytorch.org/docs/stable/library.html#torch.library.opcheck
clifra: COMPILE FAILED: AssertionError: expected size 4==4, stride 1681==1 at dim=1; expected size 1681==1681, stride 1==4 at dim=2
Error in op: torch.ops.aten.linalg_solve_triangular.default
This error most often comes from a incorrect fake (aka meta) kernel for a custom op.
Use torch.library.opcheck to test your custom op.
See https://pytorch.org/docs/stable/library.html#torch.library.opcheck
No backend compiled successfully for forward; eager correctness remains valid.

=== torch.compile preparation: forward+backward ===
reference: COMPILE FAILED: AssertionError: expected size 4==4, stride 1681==1 at dim=1; expected size 1681==1681, stride 1==4 at dim=2
Error in op: torch.ops.aten.linalg_solve_triangular.default
This error most often comes from a incorrect fake (aka meta) kernel for a custom op.
Use torch.library.opcheck to test your custom op.
See https://pytorch.org/docs/stable/library.html#torch.library.opcheck
clifra: COMPILE FAILED: AssertionError: expected size 4==4, stride 1681==1 at dim=1; expected size 1681==1681, stride 1==4 at dim=2
Error in op: torch.ops.aten.linalg_solve_triangular.default
This error most often comes from a incorrect fake (aka meta) kernel for a custom op.
Use torch.library.opcheck to test your custom op.
See https://pytorch.org/docs/stable/library.html#torch.library.opcheck
No backend compiled successfully for forward+backward; eager correctness remains valid.
W0920 19:55:17.619000 98035 .venv/lib/python3.12/site-packages/torch/_inductor/utils.py:1806] [0/0] Not enough SMs to use max_autotune_gemm mode

exit_code=0
