$ uv run --locked benchmark.py --model cgenn --variant nbody --batch 3 --nodes 6 --hidden-features 16 --layers 3 --device cuda --backend both --mode both --warmup 5 --iters 20 --cpu-threads 4 --cpu-interop-threads 4 --compile

=== Provenance ===
Python: 3.12.14 (/workspace/clifra-model-bench/.venv/bin/python)
PyTorch: 2.14.0+cu130
Clifra: 2.0.3
Clifra source: /workspace/clifra-model-bench/.venv/lib/python3.12/site-packages/clifra/__init__.py
Clifra git commit: installed package
reference source: Ruhe, Brandstetter, Forré, Clifford Group Equivariant Neural Networks; DavidRuhe/clifford-group-equivariant-neural-networks 08f2f2cbf5f7a723ea8539daf9f20a24cde73b1b (execution-only port; upstream b() indentation repaired)
benchmark git commit: 38d8296c3fd39c77c23a3765ef112e703c8a6de7
platform: Linux-6.8.0-117-generic-x86_64-with-glibc2.35 / x86_64
device: cuda
CUDA device: NVIDIA RTX PRO 4000 Blackwell
CUDA capability: (12, 0)
PyTorch CUDA build: 13.0
cuDNN: 92400
parameter dtypes: torch.float32
CPU intra-op threads: 4
CPU inter-op threads: 4
thread environment: unset
model: cgenn variant=nbody, signature=(3,0), batch=3, nodes/graph=6, options={'hidden_features': 16, 'n_layers': 3}, eval=True
parameter counts: reference=46,977, clifra=46,977
execution: compiled, mode=both

=== Correctness ===
reference: finite forward, finite backward PASS
clifra: finite forward, finite backward PASS
basis roundtrip and per-grade layouts: PASS
parameter correspondence: PASS (46,977 scalars; 124 tensors)
MVLinear: output/input/all parameter gradients and reflections PASS
MVLinear shared: output/input/all parameter gradients and reflections PASS
NormalizationLayer: output/input/all parameter gradients and reflections PASS
MVSiLU: output/input/all parameter gradients and reflections PASS
MVLayerNorm: output/input/all parameter gradients and reflections PASS
SteerableGP: output/input/all parameter gradients and reflections PASS
FullyConnectedGP: output/input/all parameter gradients and reflections PASS
whole-model output, input and 124 parameter tensor gradients: PASS
two reflections and one composed Clifford-group action: PASS

=== torch.compile preparation: forward ===
reference: compile API=7461.515 ms, first call=99747.022 ms, output check=PASS, graphs=26, graph_breaks=18, recompile_limit_warning=False
clifra: compile API=1.067 ms, first call=37277.178 ms, output check=PASS, graphs=23, graph_breaks=7, recompile_limit_warning=False

=== forward (compiled) ===
backend       min_ms     p25_ms  median_ms     p75_ms      graphs/s      nodes/s      edges/s     params
reference      25.851     26.720     27.101     27.598        110.7        664.2      3,320.9     46,977
clifra         20.757     21.928     22.228     22.553        135.0        809.8      4,048.9     46,977
speed ratio reference_median / clifra_median = 1.219
> 1.0 = Clifra faster; < 1.0 = reference faster

=== torch.compile preparation: forward+backward ===
reference: compile API=1.173 ms, first call=53441.043 ms, output/gradients check=PASS, graphs=15, graph_breaks=13, recompile_limit_warning=True
clifra: compile API=1.266 ms, first call=56192.905 ms, output/gradients check=PASS, graphs=15, graph_breaks=5, recompile_limit_warning=True

=== forward+backward (compiled) ===
backend       min_ms     p25_ms  median_ms     p75_ms      graphs/s      nodes/s      edges/s     params
reference      65.992     66.858     67.342     68.011         44.5        267.3      1,336.5     46,977
clifra         64.702     65.458     66.330     67.199         45.2        271.4      1,356.8     46,977
speed ratio reference_median / clifra_median = 1.015
> 1.0 = Clifra faster; < 1.0 = reference faster
W0920 12:21:01.766000 15341 .venv/lib/python3.12/site-packages/torch/_dynamo/convert_frame.py:2008] [4/8] torch._dynamo hit config.recompile_limit (8)
W0920 12:21:01.766000 15341 .venv/lib/python3.12/site-packages/torch/_dynamo/convert_frame.py:2008] [4/8]    function: 'torch_dynamo_resume_in_forward_at_147' (/workspace/clifra-model-bench/models/cgenn/reference.py:147)
W0920 12:21:01.766000 15341 .venv/lib/python3.12/site-packages/torch/_dynamo/convert_frame.py:2008] [4/8]    last reason: 4/7: GLOBAL_STATE changed: grad_mode
W0920 12:21:01.766000 15341 .venv/lib/python3.12/site-packages/torch/_dynamo/convert_frame.py:2008] [4/8] To log all recompilation reasons, use TORCH_LOGS="recompiles".
W0920 12:21:01.766000 15341 .venv/lib/python3.12/site-packages/torch/_dynamo/convert_frame.py:2008] [4/8] To diagnose recompilation issues, see https://docs.pytorch.org/docs/main/user_guide/torch_compiler/compile/programming_model.recompilation.html
W0920 12:21:18.617000 15341 .venv/lib/python3.12/site-packages/torch/_dynamo/convert_frame.py:2008] [1/8] torch._dynamo hit config.recompile_limit (8)
W0920 12:21:18.617000 15341 .venv/lib/python3.12/site-packages/torch/_dynamo/convert_frame.py:2008] [1/8]    function: 'forward' (/workspace/clifra-model-bench/models/cgenn/reference.py:145)
W0920 12:21:18.617000 15341 .venv/lib/python3.12/site-packages/torch/_dynamo/convert_frame.py:2008] [1/8]    last reason: 1/7: tensor 'self._parameters['weight']' size mismatch at index 1. expected 16, actual 32. Guard failed on a parameter, consider using torch._dynamo.config.force_parameter_static_shapes = False to allow dynamism on parameters.
W0920 12:21:18.617000 15341 .venv/lib/python3.12/site-packages/torch/_dynamo/convert_frame.py:2008] [1/8] To log all recompilation reasons, use TORCH_LOGS="recompiles".
W0920 12:21:18.617000 15341 .venv/lib/python3.12/site-packages/torch/_dynamo/convert_frame.py:2008] [1/8] To diagnose recompilation issues, see https://docs.pytorch.org/docs/main/user_guide/torch_compiler/compile/programming_model.recompilation.html
W0920 12:22:41.302000 15341 .venv/lib/python3.12/site-packages/torch/_dynamo/convert_frame.py:2008] [19/8] torch._dynamo hit config.recompile_limit (8)
W0920 12:22:41.302000 15341 .venv/lib/python3.12/site-packages/torch/_dynamo/convert_frame.py:2008] [19/8]    function: 'forward' (/workspace/clifra-model-bench/models/cgenn/clifra.py:79)
W0920 12:22:41.302000 15341 .venv/lib/python3.12/site-packages/torch/_dynamo/convert_frame.py:2008] [19/8]    last reason: 19/7: tensor 'values' size mismatch at index 1. expected 16, actual 32
W0920 12:22:41.302000 15341 .venv/lib/python3.12/site-packages/torch/_dynamo/convert_frame.py:2008] [19/8] To log all recompilation reasons, use TORCH_LOGS="recompiles".
W0920 12:22:41.302000 15341 .venv/lib/python3.12/site-packages/torch/_dynamo/convert_frame.py:2008] [19/8] To diagnose recompilation issues, see https://docs.pytorch.org/docs/main/user_guide/torch_compiler/compile/programming_model.recompilation.html

exit_code=0
