$ uv run --locked benchmark.py --model cgenn --variant hulls --batch 4 --hidden-features 16 --layers 4 --device cuda --backend both --mode both --warmup 5 --iters 20 --cpu-threads 4 --cpu-interop-threads 4 --compile

=== Provenance ===
Python: 3.12.14 (/workspace/clifra-model-bench/.venv/bin/python)
PyTorch: 2.14.0+cu130
Clifra: 2.0.3
Clifra source: /workspace/clifra-model-bench/.venv/lib/python3.12/site-packages/clifra/__init__.py
Clifra git commit: installed package
reference source: Ruhe, Brandstetter, Forré, Clifford Group Equivariant Neural Networks; DavidRuhe/clifford-group-equivariant-neural-networks 08f2f2cbf5f7a723ea8539daf9f20a24cde73b1b (execution-only port; upstream b() indentation repaired)
benchmark git commit: 38d8296c3fd39c77c23a3765ef112e703c8a6de7
platform: Linux-6.8.0-117-generic-x86_64-with-glibc2.35 / x86_64
device: cuda
CUDA device: NVIDIA RTX PRO 4000 Blackwell
CUDA capability: (12, 0)
PyTorch CUDA build: 13.0
cuDNN: 92400
parameter dtypes: torch.float32
CPU intra-op threads: 4
CPU inter-op threads: 4
thread environment: unset
model: cgenn variant=hulls, signature=(5,0), batch=4, nodes/graph=n/a, options={'hidden_features': 16, 'num_layers': 4}, eval=True
parameter counts: reference=16,881, clifra=16,881
execution: compiled, mode=both

=== Correctness ===
reference: finite forward, finite backward PASS
clifra: finite forward, finite backward PASS
basis roundtrip and per-grade layouts: PASS
parameter correspondence: PASS (16,881 scalars; 26 tensors)
MVLinear: output/input/all parameter gradients and reflections PASS
MVLinear shared: output/input/all parameter gradients and reflections PASS
NormalizationLayer: output/input/all parameter gradients and reflections PASS
MVSiLU: output/input/all parameter gradients and reflections PASS
MVLayerNorm: output/input/all parameter gradients and reflections PASS
SteerableGP: output/input/all parameter gradients and reflections PASS
FullyConnectedGP: output/input/all parameter gradients and reflections PASS
whole-model output, input and 26 parameter tensor gradients: PASS
two reflections and one composed Clifford-group action: PASS

=== torch.compile preparation: forward ===
reference: compile API=7267.945 ms, first call=61712.560 ms, output check=PASS, graphs=11, graph_breaks=9, recompile_limit_warning=False
clifra: compile API=0.998 ms, first call=21516.444 ms, output check=PASS, graphs=9, graph_breaks=4, recompile_limit_warning=False

=== forward (compiled) ===
backend       min_ms     p25_ms  median_ms     p75_ms     samples/s     points/s     params
reference       6.514      6.546      6.598      6.661        606.2      9,699.9     16,881
clifra          4.324      4.397      4.416      4.495        905.8     14,492.5     16,881
speed ratio reference_median / clifra_median = 1.494
> 1.0 = Clifra faster; < 1.0 = reference faster

=== torch.compile preparation: forward+backward ===
reference: compile API=1.148 ms, first call=32369.549 ms, output/gradients check=PASS, graphs=11, graph_breaks=8, recompile_limit_warning=False
clifra: compile API=1.306 ms, first call=21471.267 ms, output/gradients check=PASS, graphs=9, graph_breaks=4, recompile_limit_warning=False

=== forward+backward (compiled) ===
backend       min_ms     p25_ms  median_ms     p75_ms     samples/s     points/s     params
reference      14.478     14.602     14.678     14.790        272.5      4,360.4     16,881
clifra         13.775     13.857     13.932     14.101        287.1      4,593.7     16,881
speed ratio reference_median / clifra_median = 1.054
> 1.0 = Clifra faster; < 1.0 = reference faster

exit_code=0
