$ uv run --locked benchmark.py --model cgenn --variant o5_regression --batch 4 --device cuda --backend both --mode both --warmup 5 --iters 20 --cpu-threads 4 --cpu-interop-threads 4 --compile

=== Provenance ===
Python: 3.12.14 (/workspace/clifra-model-bench/.venv/bin/python)
PyTorch: 2.14.0+cu130
Clifra: 2.0.3
Clifra source: /workspace/clifra-model-bench/.venv/lib/python3.12/site-packages/clifra/__init__.py
Clifra git commit: installed package
reference source: Ruhe, Brandstetter, Forré, Clifford Group Equivariant Neural Networks; DavidRuhe/clifford-group-equivariant-neural-networks 08f2f2cbf5f7a723ea8539daf9f20a24cde73b1b (execution-only port; upstream b() indentation repaired)
benchmark git commit: 38d8296c3fd39c77c23a3765ef112e703c8a6de7
platform: Linux-6.8.0-117-generic-x86_64-with-glibc2.35 / x86_64
device: cuda
CUDA device: NVIDIA RTX PRO 4000 Blackwell
CUDA capability: (12, 0)
PyTorch CUDA build: 13.0
cuDNN: 92400
parameter dtypes: torch.float32
CPU intra-op threads: 4
CPU inter-op threads: 4
thread environment: unset
model: cgenn variant=o5_regression, signature=(5,0), batch=4, nodes/graph=n/a, options={}, eval=True
parameter counts: reference=344,077, clifra=344,077
execution: compiled, mode=both

=== Correctness ===
reference: finite forward, finite backward PASS
clifra: finite forward, finite backward PASS
basis roundtrip and per-grade layouts: PASS
parameter correspondence: PASS (344,077 scalars; 13 tensors)
MVLinear: output/input/all parameter gradients and reflections PASS
MVLinear shared: output/input/all parameter gradients and reflections PASS
NormalizationLayer: output/input/all parameter gradients and reflections PASS
MVSiLU: output/input/all parameter gradients and reflections PASS
MVLayerNorm: output/input/all parameter gradients and reflections PASS
SteerableGP: output/input/all parameter gradients and reflections PASS
FullyConnectedGP: output/input/all parameter gradients and reflections PASS
whole-model output, input and 13 parameter tensor gradients: PASS
two reflections and one composed Clifford-group action: PASS

=== torch.compile preparation: forward ===
reference: compile API=6825.887 ms, first call=50920.094 ms, output check=PASS, graphs=8, graph_breaks=7, recompile_limit_warning=False
clifra: compile API=0.975 ms, first call=14990.091 ms, output check=PASS, graphs=7, graph_breaks=3, recompile_limit_warning=False

=== forward (compiled) ===
backend       min_ms     p25_ms  median_ms     p75_ms     samples/s     points/s     params
reference       1.810      1.831      1.852      1.862      2,160.2      4,320.5    344,077
clifra          1.275      1.289      1.296      1.310      3,087.3      6,174.6    344,077
speed ratio reference_median / clifra_median = 1.429
> 1.0 = Clifra faster; < 1.0 = reference faster

=== torch.compile preparation: forward+backward ===
reference: compile API=1.073 ms, first call=24597.442 ms, output/gradients check=PASS, graphs=8, graph_breaks=7, recompile_limit_warning=False
clifra: compile API=0.971 ms, first call=11180.589 ms, output/gradients check=PASS, graphs=7, graph_breaks=3, recompile_limit_warning=False

=== forward+backward (compiled) ===
backend       min_ms     p25_ms  median_ms     p75_ms     samples/s     points/s     params
reference       4.608      4.659      4.729      4.787        845.8      1,691.6    344,077
clifra          4.417      4.479      4.517      4.561        885.5      1,771.0    344,077
speed ratio reference_median / clifra_median = 1.047
> 1.0 = Clifra faster; < 1.0 = reference faster

exit_code=0
