$ uv run --locked benchmark.py --model cgenn --variant o3 --batch 4 --hidden-features 32 --layers 4 --device cuda --backend both --mode both --warmup 5 --iters 20 --cpu-threads 4 --cpu-interop-threads 4 --compile

=== Provenance ===
Python: 3.12.14 (/workspace/clifra-model-bench/.venv/bin/python)
PyTorch: 2.14.0+cu130
Clifra: 2.0.3
Clifra source: /workspace/clifra-model-bench/.venv/lib/python3.12/site-packages/clifra/__init__.py
Clifra git commit: installed package
reference source: Ruhe, Brandstetter, Forré, Clifford Group Equivariant Neural Networks; DavidRuhe/clifford-group-equivariant-neural-networks 08f2f2cbf5f7a723ea8539daf9f20a24cde73b1b (execution-only port; upstream b() indentation repaired)
benchmark git commit: 38d8296c3fd39c77c23a3765ef112e703c8a6de7
platform: Linux-6.8.0-117-generic-x86_64-with-glibc2.35 / x86_64
device: cuda
CUDA device: NVIDIA RTX PRO 4000 Blackwell
CUDA capability: (12, 0)
PyTorch CUDA build: 13.0
cuDNN: 92400
parameter dtypes: torch.float32
CPU intra-op threads: 4
CPU inter-op threads: 4
thread environment: unset
model: cgenn variant=o3, signature=(3,0), batch=4, nodes/graph=n/a, options={'hidden_features': 32, 'num_layers': 4}, eval=True
parameter counts: reference=8,145, clifra=8,145
execution: compiled, mode=both

=== Correctness ===
reference: finite forward, finite backward PASS
clifra: finite forward, finite backward PASS
basis roundtrip and per-grade layouts: PASS
parameter correspondence: PASS (8,145 scalars; 16 tensors)
MVLinear: output/input/all parameter gradients and reflections PASS
MVLinear shared: output/input/all parameter gradients and reflections PASS
NormalizationLayer: output/input/all parameter gradients and reflections PASS
MVSiLU: output/input/all parameter gradients and reflections PASS
MVLayerNorm: output/input/all parameter gradients and reflections PASS
SteerableGP: output/input/all parameter gradients and reflections PASS
FullyConnectedGP: output/input/all parameter gradients and reflections PASS
whole-model output, input and 16 parameter tensor gradients: PASS
two reflections and one composed Clifford-group action: PASS

=== torch.compile preparation: forward ===
reference: compile API=7434.170 ms, first call=70376.232 ms, output check=PASS, graphs=17, graph_breaks=17, recompile_limit_warning=False
clifra: compile API=1.006 ms, first call=29220.913 ms, output check=PASS, graphs=15, graph_breaks=7, recompile_limit_warning=False

=== forward (compiled) ===
backend       min_ms     p25_ms  median_ms     p75_ms     samples/s     points/s     params
reference       3.553      3.577      3.596      3.620      1,112.3      3,336.8      8,145
clifra          3.407      3.413      3.436      3.467      1,164.2      3,492.7      8,145
speed ratio reference_median / clifra_median = 1.047
> 1.0 = Clifra faster; < 1.0 = reference faster

=== torch.compile preparation: forward+backward ===
reference: compile API=1.109 ms, first call=43767.129 ms, output/gradients check=PASS, graphs=15, graph_breaks=14, recompile_limit_warning=False
clifra: compile API=1.280 ms, first call=34048.674 ms, output/gradients check=PASS, graphs=13, graph_breaks=6, recompile_limit_warning=False

=== forward+backward (compiled) ===
backend       min_ms     p25_ms  median_ms     p75_ms     samples/s     points/s     params
reference       8.627      8.826      9.021      9.232        443.4      1,330.3      8,145
clifra         10.762     10.843     11.112     11.186        360.0      1,079.9      8,145
speed ratio reference_median / clifra_median = 0.812
> 1.0 = Clifra faster; < 1.0 = reference faster

exit_code=0
