$ uv run --locked benchmark.py --model cgenn --variant o5_regression --device cuda --backend both --mode both --warmup 5 --iters 20 --cpu-threads 4 --cpu-interop-threads 4 --compile

=== Provenance ===
Python: 3.12.14 (/workspace/clifra-model-bench/.venv/bin/python)
PyTorch: 2.14.0+cu130
Clifra: 2.0.3
Clifra source: /workspace/clifra-model-bench/.venv/lib/python3.12/site-packages/clifra/__init__.py
Clifra git commit: installed package
reference source: Ruhe, Brandstetter, Forré, Clifford Group Equivariant Neural Networks; DavidRuhe/clifford-group-equivariant-neural-networks 08f2f2cbf5f7a723ea8539daf9f20a24cde73b1b (execution-only port; upstream b() indentation repaired)
benchmark git commit: 38d8296c3fd39c77c23a3765ef112e703c8a6de7
platform: Linux-6.8.0-117-generic-x86_64-with-glibc2.35 / x86_64
device: cuda
CUDA device: NVIDIA RTX PRO 4000 Blackwell
CUDA capability: (12, 0)
PyTorch CUDA build: 13.0
cuDNN: 92400
parameter dtypes: torch.float32
CPU intra-op threads: 4
CPU inter-op threads: 4
thread environment: unset
model: cgenn variant=o5_regression, signature=(5,0), batch=2, nodes/graph=n/a, options={}, eval=True
parameter counts: reference=344,077, clifra=344,077
execution: compiled, mode=both

=== Correctness ===
reference: finite forward, finite backward PASS
clifra: finite forward, finite backward PASS
basis roundtrip and per-grade layouts: PASS
parameter correspondence: PASS (344,077 scalars; 13 tensors)
MVLinear: output/input/all parameter gradients and reflections PASS
MVLinear shared: output/input/all parameter gradients and reflections PASS
NormalizationLayer: output/input/all parameter gradients and reflections PASS
MVSiLU: output/input/all parameter gradients and reflections PASS
MVLayerNorm: output/input/all parameter gradients and reflections PASS
SteerableGP: output/input/all parameter gradients and reflections PASS
FullyConnectedGP: output/input/all parameter gradients and reflections PASS
whole-model output, input and 13 parameter tensor gradients: PASS
two reflections and one composed Clifford-group action: PASS

=== torch.compile preparation: forward ===
reference: compile API=7698.348 ms, first call=50157.236 ms, output check=PASS, graphs=8, graph_breaks=7, recompile_limit_warning=False
clifra: compile API=0.994 ms, first call=13723.206 ms, output check=PASS, graphs=7, graph_breaks=3, recompile_limit_warning=False

=== forward (compiled) ===
backend       min_ms     p25_ms  median_ms     p75_ms     samples/s     points/s     params
reference       1.851      1.873      1.880      1.885      1,064.0      2,128.0    344,077
clifra          1.348      1.355      1.366      1.383      1,463.7      2,927.5    344,077
speed ratio reference_median / clifra_median = 1.376
> 1.0 = Clifra faster; < 1.0 = reference faster

=== torch.compile preparation: forward+backward ===
reference: compile API=1.074 ms, first call=22777.466 ms, output/gradients check=PASS, graphs=8, graph_breaks=7, recompile_limit_warning=False
clifra: compile API=1.261 ms, first call=14180.233 ms, output/gradients check=PASS, graphs=7, graph_breaks=3, recompile_limit_warning=False

=== forward+backward (compiled) ===
backend       min_ms     p25_ms  median_ms     p75_ms     samples/s     points/s     params
reference       4.511      4.533      4.552      4.582        439.4        878.8    344,077
clifra          4.396      4.433      4.451      4.459        449.4        898.8    344,077
speed ratio reference_median / clifra_median = 1.023
> 1.0 = Clifra faster; < 1.0 = reference faster

exit_code=0
