$ uv run --locked benchmark.py --model cgenn --variant lorentz --device cuda --backend both --mode both --warmup 5 --iters 20 --cpu-threads 4 --cpu-interop-threads 4

=== Provenance ===
Python: 3.12.14 (/workspace/clifra-model-bench/.venv/bin/python)
PyTorch: 2.14.0+cu130
Clifra: 2.0.3
Clifra source: /workspace/clifra-model-bench/.venv/lib/python3.12/site-packages/clifra/__init__.py
Clifra git commit: installed package
reference source: Ruhe, Brandstetter, Forré, Clifford Group Equivariant Neural Networks; DavidRuhe/clifford-group-equivariant-neural-networks 08f2f2cbf5f7a723ea8539daf9f20a24cde73b1b (execution-only port; upstream b() indentation repaired)
benchmark git commit: 38d8296c3fd39c77c23a3765ef112e703c8a6de7
platform: Linux-6.8.0-117-generic-x86_64-with-glibc2.35 / x86_64
device: cuda
CUDA device: NVIDIA RTX PRO 4000 Blackwell
CUDA capability: (12, 0)
PyTorch CUDA build: 13.0
cuDNN: 92400
parameter dtypes: torch.float32
CPU intra-op threads: 4
CPU inter-op threads: 4
thread environment: unset
model: cgenn variant=lorentz, signature=(1,3), batch=2, nodes/graph=4, options={'hidden_features_x': 4, 'hidden_features_h': 8, 'n_layers': 2, 'decoder_features': 8}, eval=True
parameter counts: reference=13,742, clifra=13,742
execution: eager, mode=both

=== Correctness ===
reference: finite forward, finite backward PASS
clifra: finite forward, finite backward PASS
basis roundtrip and per-grade layouts: PASS
parameter correspondence: PASS (13,742 scalars; 66 tensors)
MVLinear: output/input/all parameter gradients and reflections PASS
MVLinear shared: output/input/all parameter gradients and reflections PASS
NormalizationLayer: output/input/all parameter gradients and reflections PASS
MVSiLU: output/input/all parameter gradients and reflections PASS
MVLayerNorm: output/input/all parameter gradients and reflections PASS
SteerableGP: output/input/all parameter gradients and reflections PASS
FullyConnectedGP: output/input/all parameter gradients and reflections PASS
whole-model output, input and 66 parameter tensor gradients: PASS
two reflections and one composed Clifford-group action: PASS

=== forward (eager) ===
backend       min_ms     p25_ms  median_ms     p75_ms      graphs/s      nodes/s      edges/s     params
reference      15.940     15.990     15.998     16.036        125.0        500.1      1,500.2     13,742
clifra          7.856      7.883      7.895      7.957        253.3      1,013.3      3,040.0     13,742
speed ratio reference_median / clifra_median = 2.026
> 1.0 = Clifra faster; < 1.0 = reference faster

=== forward+backward (eager) ===
backend       min_ms     p25_ms  median_ms     p75_ms      graphs/s      nodes/s      edges/s     params
reference      40.785     40.852     40.901     40.939         48.9        195.6        586.8     13,742
clifra         26.134     26.355     26.520     26.586         75.4        301.7        905.0     13,742
speed ratio reference_median / clifra_median = 1.542
> 1.0 = Clifra faster; < 1.0 = reference faster

exit_code=0
