$ uv run --locked benchmark.py --model cgenn --variant o3 --device cuda --backend both --mode both --warmup 5 --iters 20 --cpu-threads 4 --cpu-interop-threads 4

=== Provenance ===
Python: 3.12.14 (/workspace/clifra-model-bench/.venv/bin/python)
PyTorch: 2.14.0+cu130
Clifra: 2.0.3
Clifra source: /workspace/clifra-model-bench/.venv/lib/python3.12/site-packages/clifra/__init__.py
Clifra git commit: installed package
reference source: Ruhe, Brandstetter, Forré, Clifford Group Equivariant Neural Networks; DavidRuhe/clifford-group-equivariant-neural-networks 08f2f2cbf5f7a723ea8539daf9f20a24cde73b1b (execution-only port; upstream b() indentation repaired)
benchmark git commit: 38d8296c3fd39c77c23a3765ef112e703c8a6de7
platform: Linux-6.8.0-117-generic-x86_64-with-glibc2.35 / x86_64
device: cuda
CUDA device: NVIDIA RTX PRO 4000 Blackwell
CUDA capability: (12, 0)
PyTorch CUDA build: 13.0
cuDNN: 92400
parameter dtypes: torch.float32
CPU intra-op threads: 4
CPU inter-op threads: 4
thread environment: unset
model: cgenn variant=o3, signature=(3,0), batch=2, nodes/graph=n/a, options={'hidden_features': 16, 'num_layers': 3}, eval=True
parameter counts: reference=2,945, clifra=2,945
execution: eager, mode=both

=== Correctness ===
reference: finite forward, finite backward PASS
clifra: finite forward, finite backward PASS
basis roundtrip and per-grade layouts: PASS
parameter correspondence: PASS (2,945 scalars; 14 tensors)
MVLinear: output/input/all parameter gradients and reflections PASS
MVLinear shared: output/input/all parameter gradients and reflections PASS
NormalizationLayer: output/input/all parameter gradients and reflections PASS
MVSiLU: output/input/all parameter gradients and reflections PASS
MVLayerNorm: output/input/all parameter gradients and reflections PASS
SteerableGP: output/input/all parameter gradients and reflections PASS
FullyConnectedGP: output/input/all parameter gradients and reflections PASS
whole-model output, input and 14 parameter tensor gradients: PASS
two reflections and one composed Clifford-group action: PASS

=== forward (eager) ===
backend       min_ms     p25_ms  median_ms     p75_ms     samples/s     points/s     params
reference       7.600      7.679      7.729      7.781        258.8        776.3      2,945
clifra          3.289      3.295      3.325      3.369        601.5      1,804.5      2,945
speed ratio reference_median / clifra_median = 2.325
> 1.0 = Clifra faster; < 1.0 = reference faster

=== forward+backward (eager) ===
backend       min_ms     p25_ms  median_ms     p75_ms     samples/s     points/s     params
reference      18.160     18.359     18.432     18.597        108.5        325.5      2,945
clifra         10.726     10.757     10.810     10.872        185.0        555.0      2,945
speed ratio reference_median / clifra_median = 1.705
> 1.0 = Clifra faster; < 1.0 = reference faster

exit_code=0
