$ uv run --locked benchmark.py --model cgenn --variant o5_regression --batch 4 --device cuda --backend both --mode both --warmup 5 --iters 20 --cpu-threads 4 --cpu-interop-threads 4

=== Provenance ===
Python: 3.12.14 (/workspace/clifra-model-bench/.venv/bin/python)
PyTorch: 2.14.0+cu130
Clifra: 2.0.3
Clifra source: /workspace/clifra-model-bench/.venv/lib/python3.12/site-packages/clifra/__init__.py
Clifra git commit: installed package
reference source: Ruhe, Brandstetter, Forré, Clifford Group Equivariant Neural Networks; DavidRuhe/clifford-group-equivariant-neural-networks 08f2f2cbf5f7a723ea8539daf9f20a24cde73b1b (execution-only port; upstream b() indentation repaired)
benchmark git commit: 38d8296c3fd39c77c23a3765ef112e703c8a6de7
platform: Linux-6.8.0-117-generic-x86_64-with-glibc2.35 / x86_64
device: cuda
CUDA device: NVIDIA RTX PRO 4000 Blackwell
CUDA capability: (12, 0)
PyTorch CUDA build: 13.0
cuDNN: 92400
parameter dtypes: torch.float32
CPU intra-op threads: 4
CPU inter-op threads: 4
thread environment: unset
model: cgenn variant=o5_regression, signature=(5,0), batch=4, nodes/graph=n/a, options={}, eval=True
parameter counts: reference=344,077, clifra=344,077
execution: eager, mode=both

=== Correctness ===
reference: finite forward, finite backward PASS
clifra: finite forward, finite backward PASS
basis roundtrip and per-grade layouts: PASS
parameter correspondence: PASS (344,077 scalars; 13 tensors)
MVLinear: output/input/all parameter gradients and reflections PASS
MVLinear shared: output/input/all parameter gradients and reflections PASS
NormalizationLayer: output/input/all parameter gradients and reflections PASS
MVSiLU: output/input/all parameter gradients and reflections PASS
MVLayerNorm: output/input/all parameter gradients and reflections PASS
SteerableGP: output/input/all parameter gradients and reflections PASS
FullyConnectedGP: output/input/all parameter gradients and reflections PASS
whole-model output, input and 13 parameter tensor gradients: PASS
two reflections and one composed Clifford-group action: PASS

=== forward (eager) ===
backend       min_ms     p25_ms  median_ms     p75_ms     samples/s     points/s     params
reference       3.864      3.885      3.953      4.037      1,011.9      2,023.7    344,077
clifra          1.638      1.643      1.658      1.691      2,412.3      4,824.5    344,077
speed ratio reference_median / clifra_median = 2.384
> 1.0 = Clifra faster; < 1.0 = reference faster

=== forward+backward (eager) ===
backend       min_ms     p25_ms  median_ms     p75_ms     samples/s     points/s     params
reference       9.928      9.953      9.981     10.081        400.8        801.6    344,077
clifra          5.459      5.501      5.549      5.612        720.8      1,441.6    344,077
speed ratio reference_median / clifra_median = 1.798
> 1.0 = Clifra faster; < 1.0 = reference faster

exit_code=0
