$ uv run --locked benchmark.py --model clifford_fno3d --grid 20 --hidden-channels 4 --blocks 3 --modes 8 --device cuda --backend both --mode both --warmup 5 --iters 20 --cpu-threads 4 --cpu-interop-threads 4

=== Provenance ===
Python: 3.12.14 (/workspace/clifra-model-bench/.venv/bin/python)
PyTorch: 2.14.0+cu130
Clifra: 2.0.3
Clifra source: /workspace/clifra-model-bench/.venv/lib/python3.12/site-packages/clifra/__init__.py
Clifra git commit: installed package
cliffordlayers: 0.1.3.dev7+g74799cf45
reference source: Brandstetter et al., Clifford Neural Layers for PDE Modeling; Microsoft cliffordlayers 74799cf4588a065916305bfcf2f030d84918f0ad
benchmark git commit: 38d8296c3fd39c77c23a3765ef112e703c8a6de7
platform: Linux-6.8.0-117-generic-x86_64-with-glibc2.35 / x86_64
device: cuda
CUDA device: NVIDIA RTX PRO 4000 Blackwell
CUDA capability: (12, 0)
PyTorch CUDA build: 13.0
cuDNN: 92400
parameter dtypes: torch.float32
CPU intra-op threads: 4
CPU inter-op threads: 4
thread environment: unset
model: clifford_fno3d g=(3,0), batch=1, grid=20^3, channels=1/1, hidden=4, blocks=3, modes=(8,8,8), norm=False, padding=2, boundary=vector+bivector
parameter counts: reference=1,573,440, clifra=1,573,440
execution: eager, mode=both

=== Correctness ===
reference: finite forward, finite backward PASS
clifra: finite forward, finite backward PASS
full and vector+bivector convention roundtrips: PASS
parameter correspondence: PASS (1,573,440 scalars)
3D Fourier pair/unpair: PASS
3D spectral mode selection: PASS
Fourier-space geometric-product kernel: PASS
Maxwell encoder equivalence: PASS
Maxwell decoder equivalence: PASS
CliffordConv3d equivalence: PASS
spectral convolution equivalence: PASS
Fourier block equivalence: PASS
spectral input and 1 parameter gradients: PASS
whole-model output, input and 47 parameter gradients: PASS

=== forward (eager) ===
backend       min_ms     p25_ms  median_ms     p75_ms     samples/s grid points/s     params
reference      16.668     16.769     16.870     17.015         59.3    474,216.8  1,573,440
clifra          4.667      4.689      4.729      4.789        211.4  1,691,520.0  1,573,440
speed ratio reference_median / clifra_median = 3.567
> 1.0 = Clifra faster; < 1.0 = reference faster

=== forward+backward (eager) ===
backend       min_ms     p25_ms  median_ms     p75_ms     samples/s grid points/s     params
reference      54.414     54.993     55.345     56.010         18.1    144,548.0  1,573,440
clifra         19.823     19.972     20.358     20.522         49.1    392,975.1  1,573,440
speed ratio reference_median / clifra_median = 2.719
> 1.0 = Clifra faster; < 1.0 = reference faster

exit_code=0
