$ uv run --locked benchmark.py --model gatr --device cuda --backend both --mode both --warmup 5 --iters 20 --cpu-threads 4 --cpu-interop-threads 4 --compile

attention backend: PyTorch SDPA (reference and Clifra)
=== Provenance ===
Python: 3.12.14 (/workspace/clifra-model-bench/.venv/bin/python)
PyTorch: 2.14.0+cu130
Clifra: 2.0.3
Clifra source: /workspace/clifra-model-bench/.venv/lib/python3.12/site-packages/clifra/__init__.py
Clifra git commit: installed package
gatr: 1.4.2
einops: 0.8.2
opt-einsum: 3.4.0
xformers: not installed
reference source: Qualcomm GATr commit 6afc26f26b8fcf51136ae8c1d264a36e14b6e497 (installed official package; changelog 1.4.3, package __version__ 1.4.2)
benchmark git commit: 38d8296c3fd39c77c23a3765ef112e703c8a6de7
platform: Linux-6.8.0-117-generic-x86_64-with-glibc2.35 / x86_64
device: cuda
CUDA device: NVIDIA RTX PRO 4000 Blackwell
CUDA capability: (12, 0)
PyTorch CUDA build: 13.0
cuDNN: 92400
parameter dtypes: torch.float32
CPU intra-op threads: 4
CPU inter-op threads: 4
thread environment: unset
model: gatr batch=2, items=8, MV=2/4/2, scalar=2/4/2, blocks=2, heads=2, attention=PyTorch SDPA
parameter counts: reference=6,140, clifra=6,140
execution: compiled, mode=both

=== Correctness ===
reference: finite forward, finite backward PASS
clifra: finite forward, finite backward PASS
convention roundtrip: PASS
full-model MV/scalar output equivalence: PASS
primitive, Q/K/V, MLP, and one-block equivalence: PASS
MV/scalar input and all 110 parameter gradients: PASS
rotations, translations, reflection: MV equivariance, scalar invariance PASS

=== torch.compile preparation: forward ===
reference: compile API=8881.879 ms, first call=84407.403 ms, output check=PASS, graphs=10, graph_breaks=5, recompile_limit_warning=False
clifra: compile API=0.998 ms, first call=16672.188 ms, output check=PASS, graphs=1, graph_breaks=0, recompile_limit_warning=False

=== forward (compiled) ===
backend       min_ms     p25_ms  median_ms     p75_ms     samples/s     tokens/s  output MV/s     params
reference       4.396      4.458      4.501      4.590        444.3      3,554.5      7,108.9      6,140
clifra          2.760      2.778      2.829      2.879        707.0      5,656.4     11,312.8      6,140
speed ratio reference_median / clifra_median = 1.591
> 1.0 = Clifra faster; < 1.0 = reference faster

=== torch.compile preparation: forward+backward ===
reference: compile API=1.125 ms, first call=55115.335 ms, output/gradients check=PASS, graphs=10, graph_breaks=5, recompile_limit_warning=False
clifra: compile API=0.967 ms, first call=31625.138 ms, output/gradients check=PASS, graphs=1, graph_breaks=0, recompile_limit_warning=False

=== forward+backward (compiled) ===
backend       min_ms     p25_ms  median_ms     p75_ms     samples/s     tokens/s  output MV/s     params
reference      15.151     15.343     15.534     15.916        128.7      1,030.0      2,060.0      6,140
clifra          9.497      9.636      9.854      9.949        203.0      1,623.7      3,247.5      6,140
speed ratio reference_median / clifra_median = 1.576
> 1.0 = Clifra faster; < 1.0 = reference faster
/workspace/clifra-model-bench/.venv/lib/python3.12/site-packages/torch/serialization.py:2244: UserWarning: Validating sparse tensor invariants because weights_only=True; this is an O(nnz) scan per sparse tensor and may be slow for large checkpoints.
  torch._utils._validate_loaded_sparse_tensors(weights_only=weights_only)
/workspace/clifra-model-bench/.venv/lib/python3.12/site-packages/torch/serialization.py:2244: UserWarning: Validating sparse tensor invariants because weights_only=True; this is an O(nnz) scan per sparse tensor and may be slow for large checkpoints.
  torch._utils._validate_loaded_sparse_tensors(weights_only=weights_only)

exit_code=0
