$ uv run --locked benchmark.py --model gatr --items 16 --hidden-mv-channels 8 --hidden-s-channels 32 --blocks 3 --heads 4 --device cuda --backend both --mode both --warmup 5 --iters 20 --cpu-threads 4 --cpu-interop-threads 4 --compile

attention backend: PyTorch SDPA (reference and Clifra)
=== Provenance ===
Python: 3.12.14 (/workspace/clifra-model-bench/.venv/bin/python)
PyTorch: 2.14.0+cu130
Clifra: 2.0.3
Clifra source: /workspace/clifra-model-bench/.venv/lib/python3.12/site-packages/clifra/__init__.py
Clifra git commit: installed package
gatr: 1.4.2
einops: 0.8.2
opt-einsum: 3.4.0
xformers: not installed
reference source: Qualcomm GATr commit 6afc26f26b8fcf51136ae8c1d264a36e14b6e497 (installed official package; changelog 1.4.3, package __version__ 1.4.2)
benchmark git commit: 38d8296c3fd39c77c23a3765ef112e703c8a6de7
platform: Linux-6.8.0-117-generic-x86_64-with-glibc2.35 / x86_64
device: cuda
CUDA device: NVIDIA RTX PRO 4000 Blackwell
CUDA capability: (12, 0)
PyTorch CUDA build: 13.0
cuDNN: 92400
parameter dtypes: torch.float32
CPU intra-op threads: 4
CPU inter-op threads: 4
thread environment: unset
model: gatr batch=2, items=16, MV=2/8/2, scalar=2/32/2, blocks=3, heads=4, attention=PyTorch SDPA
parameter counts: reference=73,604, clifra=73,604
execution: compiled, mode=both

=== Correctness ===
reference: finite forward, finite backward PASS
clifra: finite forward, finite backward PASS
convention roundtrip: PASS
full-model MV/scalar output equivalence: PASS
primitive, Q/K/V, MLP, and one-block equivalence: PASS
MV/scalar input and all 159 parameter gradients: PASS
rotations, translations, reflection: MV equivariance, scalar invariance PASS

=== torch.compile preparation: forward ===
reference: compile API=9024.517 ms, first call=99078.410 ms, output check=PASS, graphs=10, graph_breaks=5, recompile_limit_warning=False
clifra: compile API=1.043 ms, first call=23779.977 ms, output check=PASS, graphs=1, graph_breaks=0, recompile_limit_warning=False

=== forward (compiled) ===
backend       min_ms     p25_ms  median_ms     p75_ms     samples/s     tokens/s  output MV/s     params
reference       7.259      7.295      7.337      7.478        272.6      4,361.5      8,722.9     73,604
clifra          4.690      4.703      4.728      4.810        423.0      6,768.3     13,536.7     73,604
speed ratio reference_median / clifra_median = 1.552
> 1.0 = Clifra faster; < 1.0 = reference faster

=== torch.compile preparation: forward+backward ===
reference: compile API=1.166 ms, first call=59025.385 ms, output/gradients check=PASS, graphs=10, graph_breaks=5, recompile_limit_warning=False
clifra: compile API=0.996 ms, first call=47672.714 ms, output/gradients check=PASS, graphs=1, graph_breaks=0, recompile_limit_warning=False

=== forward+backward (compiled) ===
backend       min_ms     p25_ms  median_ms     p75_ms     samples/s     tokens/s  output MV/s     params
reference      23.905     24.192     24.365     24.993         82.1      1,313.3      2,626.7     73,604
clifra         15.345     15.588     15.892     16.128        125.8      2,013.6      4,027.2     73,604
speed ratio reference_median / clifra_median = 1.533
> 1.0 = Clifra faster; < 1.0 = reference faster
/workspace/clifra-model-bench/.venv/lib/python3.12/site-packages/torch/serialization.py:2244: UserWarning: Validating sparse tensor invariants because weights_only=True; this is an O(nnz) scan per sparse tensor and may be slow for large checkpoints.
  torch._utils._validate_loaded_sparse_tensors(weights_only=weights_only)
/workspace/clifra-model-bench/.venv/lib/python3.12/site-packages/torch/serialization.py:2244: UserWarning: Validating sparse tensor invariants because weights_only=True; this is an O(nnz) scan per sparse tensor and may be slow for large checkpoints.
  torch._utils._validate_loaded_sparse_tensors(weights_only=weights_only)

exit_code=0
