$ uv run --locked benchmark.py --model gca_gnn --device cuda --backend both --mode both --warmup 5 --iters 20 --cpu-threads 4 --cpu-interop-threads 4

=== Provenance ===
Python: 3.12.14 (/workspace/clifra-model-bench/.venv/bin/python)
PyTorch: 2.14.0+cu130
Clifra: 2.0.3
Clifra source: /workspace/clifra-model-bench/.venv/lib/python3.12/site-packages/clifra/__init__.py
Clifra git commit: installed package
cliffordlayers: 0.1.3.dev7+g74799cf45
torch-geometric: 2.8.0.post1
reference source: Qualcomm GATr 6afc26f26b8fcf51136ae8c1d264a36e14b6e497; faithful GCA wrapper over cliffordlayers 74799cf4588a065916305bfcf2f030d84918f0ad primitives
benchmark git commit: 38d8296c3fd39c77c23a3765ef112e703c8a6de7
platform: Linux-6.8.0-117-generic-x86_64-with-glibc2.35 / x86_64
device: cuda
CUDA device: NVIDIA RTX PRO 4000 Blackwell
CUDA capability: (12, 0)
PyTorch CUDA build: 13.0
cuDNN: 92400
parameter dtypes: torch.float32
CPU intra-op threads: 4
CPU inter-op threads: 4
thread environment: unset
model: gca_gnn graphs=2, nodes/graph=16, edges/graph=64, in=4, out=4, node=8, message=8, mlp_hidden=16, mlp_hidden_layers=2, steps=3
parameter counts: clifra=35,796, reference=35,796
execution: eager, mode=both

=== Correctness ===
clifra: finite forward, finite backward PASS
reference: finite forward, finite backward PASS
convention roundtrip: PASS
transferred whole GCA-GNN: PASS (max=5.093e-11)
transferred message/update MLPs: PASS (max=4.470e-08)
transferred GCA-GNN layers: PASS (max=3.725e-08)
corresponding input and parameter gradients: PASS
equivariance: not asserted; GCA-GNN is not constructed as an E(3)-equivariant architecture

=== forward (eager) ===
backend       min_ms     p25_ms  median_ms     p75_ms      graphs/s      nodes/s      edges/s  output MV/s     params
clifra          7.483      7.525      7.563      7.646        264.4      4,231.1     16,924.5     16,924.5     35,796
reference      22.102     22.188     22.392     22.547         89.3      1,429.1      5,716.4      5,716.4     35,796
speed ratio reference_median / clifra_median = 2.961
> 1.0 = Clifra faster; < 1.0 = reference faster

=== forward+backward (eager) ===
backend       min_ms     p25_ms  median_ms     p75_ms      graphs/s      nodes/s      edges/s  output MV/s     params
clifra         27.886     28.365     28.601     28.785         69.9      1,118.8      4,475.4      4,475.4     35,796
reference      48.128     48.540     49.043     49.367         40.8        652.5      2,610.0      2,610.0     35,796
speed ratio reference_median / clifra_median = 1.715
> 1.0 = Clifra faster; < 1.0 = reference faster
/workspace/clifra-model-bench/.venv/lib/python3.12/site-packages/torch/jit/_script.py:1491: FutureWarning: `torch.jit.script` is deprecated. Please switch to `torch.compile` or `torch.export`.
  warnings.warn(
/workspace/clifra-model-bench/.venv/lib/python3.12/site-packages/cliffordlayers/basisbladeorder.py:116: UserWarning: Sparse invariant checks are implicitly disabled. Memory errors (e.g. SEGFAULT) will occur when operating on a sparse tensor which violates the invariants, but checks incur performance overhead. To silence this warning, explicitly opt in or out. See `torch.sparse.check_sparse_tensor_invariants.__doc__` for guidance.  (Triggered internally at /__w/pytorch/pytorch/aten/src/ATen/Context.cpp:848.)
  return torch.sparse_coo_tensor(indices=coords, values=mult_table_vals, size=(n, n, n))

exit_code=0
