$ uv run --locked benchmark.py --model gca_mlp --device cuda --backend both --mode both --warmup 5 --iters 20 --cpu-threads 4 --cpu-interop-threads 4

=== Provenance ===
Python: 3.12.14 (/workspace/clifra-model-bench/.venv/bin/python)
PyTorch: 2.14.0+cu130
Clifra: 2.0.3
Clifra source: /workspace/clifra-model-bench/.venv/lib/python3.12/site-packages/clifra/__init__.py
Clifra git commit: installed package
cliffordlayers: 0.1.3.dev7+g74799cf45
reference source: Qualcomm GATr 6afc26f26b8fcf51136ae8c1d264a36e14b6e497; faithful GCA wrapper over cliffordlayers 74799cf4588a065916305bfcf2f030d84918f0ad primitives
benchmark git commit: 38d8296c3fd39c77c23a3765ef112e703c8a6de7
platform: Linux-6.8.0-117-generic-x86_64-with-glibc2.35 / x86_64
device: cuda
CUDA device: NVIDIA RTX PRO 4000 Blackwell
CUDA capability: (12, 0)
PyTorch CUDA build: 13.0
cuDNN: 92400
parameter dtypes: torch.float32
CPU intra-op threads: 4
CPU inter-op threads: 4
thread environment: unset
model: gca_mlp in=8, out=8, hidden=32, hidden_layers=3, act_agg=linear, flatten=False, batch=8, items=64
parameter counts: clifra=24,776, reference=24,776
execution: eager, mode=both

=== Correctness ===
clifra: finite forward, finite backward PASS
reference: finite forward, finite backward PASS
convention roundtrip: PASS
transferred whole-model equivalence: PASS (max=2.235e-08)
transferred layer equivalence: PASS (linear max=3.874e-07, activation max=2.384e-07)
corresponding input and all parameter gradients: PASS
equivariance: not asserted; upstream documents GCA-MLP as using PGA representations but not E(3)-equivariant

=== forward (eager) ===
backend       min_ms     p25_ms  median_ms     p75_ms     samples/s         MV/s     params
clifra          1.499      1.521      1.528      1.541      5,234.2  2,679,893.4     24,776
reference       4.729      4.770      4.808      4.963      1,664.0    851,990.7     24,776
speed ratio reference_median / clifra_median = 3.145
> 1.0 = Clifra faster; < 1.0 = reference faster

=== forward+backward (eager) ===
backend       min_ms     p25_ms  median_ms     p75_ms     samples/s         MV/s     params
clifra          6.670      6.745      6.798      6.827      1,176.8    602,505.0     24,776
reference      11.318     11.395     11.498     11.650        695.8    356,247.1     24,776
speed ratio reference_median / clifra_median = 1.691
> 1.0 = Clifra faster; < 1.0 = reference faster
/workspace/clifra-model-bench/.venv/lib/python3.12/site-packages/cliffordlayers/basisbladeorder.py:116: UserWarning: Sparse invariant checks are implicitly disabled. Memory errors (e.g. SEGFAULT) will occur when operating on a sparse tensor which violates the invariants, but checks incur performance overhead. To silence this warning, explicitly opt in or out. See `torch.sparse.check_sparse_tensor_invariants.__doc__` for guidance.  (Triggered internally at /__w/pytorch/pytorch/aten/src/ATen/Context.cpp:848.)
  return torch.sparse_coo_tensor(indices=coords, values=mult_table_vals, size=(n, n, n))

exit_code=0
