$ uv run --locked benchmark.py --model gca_gnn --device cuda --backend both --mode both --warmup 5 --iters 20 --cpu-threads 4 --cpu-interop-threads 4 --compile

=== Provenance ===
Python: 3.12.14 (/workspace/clifra-model-bench/.venv/bin/python)
PyTorch: 2.14.0+cu130
Clifra: 2.0.3
Clifra source: /workspace/clifra-model-bench/.venv/lib/python3.12/site-packages/clifra/__init__.py
Clifra git commit: installed package
cliffordlayers: 0.1.3.dev7+g74799cf45
torch-geometric: 2.8.0.post1
reference source: Qualcomm GATr 6afc26f26b8fcf51136ae8c1d264a36e14b6e497; faithful GCA wrapper over cliffordlayers 74799cf4588a065916305bfcf2f030d84918f0ad primitives
benchmark git commit: 38d8296c3fd39c77c23a3765ef112e703c8a6de7
platform: Linux-6.8.0-117-generic-x86_64-with-glibc2.35 / x86_64
device: cuda
CUDA device: NVIDIA RTX PRO 4000 Blackwell
CUDA capability: (12, 0)
PyTorch CUDA build: 13.0
cuDNN: 92400
parameter dtypes: torch.float32
CPU intra-op threads: 4
CPU inter-op threads: 4
thread environment: unset
model: gca_gnn graphs=2, nodes/graph=16, edges/graph=64, in=4, out=4, node=8, message=8, mlp_hidden=16, mlp_hidden_layers=2, steps=3
parameter counts: clifra=35,796, reference=35,796
execution: compiled, mode=both

=== Correctness ===
clifra: finite forward, finite backward PASS
reference: finite forward, finite backward PASS
convention roundtrip: PASS
transferred whole GCA-GNN: PASS (max=7.276e-11)
transferred message/update MLPs: PASS (max=4.470e-08)
transferred GCA-GNN layers: PASS (max=5.215e-08)
corresponding input and parameter gradients: PASS
equivariance: not asserted; GCA-GNN is not constructed as an E(3)-equivariant architecture

=== torch.compile preparation: forward ===
clifra: compile API=10026.046 ms, first call=50381.903 ms, output check=PASS, graphs=1, graph_breaks=0, recompile_limit_warning=False
reference: compile API=1.006 ms, first call=18609.102 ms, output check=PASS, graphs=1, graph_breaks=0, recompile_limit_warning=False

=== forward (compiled) ===
backend       min_ms     p25_ms  median_ms     p75_ms      graphs/s      nodes/s      edges/s  output MV/s     params
clifra          2.122      2.134      2.140      2.155        934.5     14,951.4     59,805.4     59,805.4     35,796
reference       3.884      3.895      3.907      3.919        511.9      8,190.5     32,762.0     32,762.0     35,796
speed ratio reference_median / clifra_median = 1.825
> 1.0 = Clifra faster; < 1.0 = reference faster

=== torch.compile preparation: forward+backward ===
clifra: compile API=1.057 ms, first call=21933.512 ms, output/gradients check=PASS, graphs=1, graph_breaks=0, recompile_limit_warning=False
reference: compile API=1.277 ms, first call=34581.461 ms, output/gradients check=PASS, graphs=1, graph_breaks=0, recompile_limit_warning=False

=== forward+backward (compiled) ===
backend       min_ms     p25_ms  median_ms     p75_ms      graphs/s      nodes/s      edges/s  output MV/s     params
clifra          7.343      7.466      7.575      7.790        264.0      4,224.3     16,897.0     16,897.0     35,796
reference      11.059     11.144     11.310     11.511        176.8      2,829.4     11,317.7     11,317.7     35,796
speed ratio reference_median / clifra_median = 1.493
> 1.0 = Clifra faster; < 1.0 = reference faster
/workspace/clifra-model-bench/.venv/lib/python3.12/site-packages/torch/jit/_script.py:1491: FutureWarning: `torch.jit.script` is deprecated. Please switch to `torch.compile` or `torch.export`.
  warnings.warn(
/workspace/clifra-model-bench/.venv/lib/python3.12/site-packages/cliffordlayers/basisbladeorder.py:116: UserWarning: Sparse invariant checks are implicitly disabled. Memory errors (e.g. SEGFAULT) will occur when operating on a sparse tensor which violates the invariants, but checks incur performance overhead. To silence this warning, explicitly opt in or out. See `torch.sparse.check_sparse_tensor_invariants.__doc__` for guidance.  (Triggered internally at /__w/pytorch/pytorch/aten/src/ATen/Context.cpp:848.)
  return torch.sparse_coo_tensor(indices=coords, values=mult_table_vals, size=(n, n, n))

exit_code=0
