$ uv run --locked benchmark.py --model gca_mlp --device cuda --backend both --mode both --warmup 5 --iters 20 --cpu-threads 4 --cpu-interop-threads 4 --compile

=== Provenance ===
Python: 3.12.14 (/workspace/clifra-model-bench/.venv/bin/python)
PyTorch: 2.14.0+cu130
Clifra: 2.0.3
Clifra source: /workspace/clifra-model-bench/.venv/lib/python3.12/site-packages/clifra/__init__.py
Clifra git commit: installed package
cliffordlayers: 0.1.3.dev7+g74799cf45
reference source: Qualcomm GATr 6afc26f26b8fcf51136ae8c1d264a36e14b6e497; faithful GCA wrapper over cliffordlayers 74799cf4588a065916305bfcf2f030d84918f0ad primitives
benchmark git commit: 38d8296c3fd39c77c23a3765ef112e703c8a6de7
platform: Linux-6.8.0-117-generic-x86_64-with-glibc2.35 / x86_64
device: cuda
CUDA device: NVIDIA RTX PRO 4000 Blackwell
CUDA capability: (12, 0)
PyTorch CUDA build: 13.0
cuDNN: 92400
parameter dtypes: torch.float32
CPU intra-op threads: 4
CPU inter-op threads: 4
thread environment: unset
model: gca_mlp in=8, out=8, hidden=32, hidden_layers=3, act_agg=linear, flatten=False, batch=8, items=64
parameter counts: clifra=24,776, reference=24,776
execution: compiled, mode=both

=== Correctness ===
clifra: finite forward, finite backward PASS
reference: finite forward, finite backward PASS
convention roundtrip: PASS
transferred whole-model equivalence: PASS (max=2.235e-08)
transferred layer equivalence: PASS (linear max=3.874e-07, activation max=2.384e-07)
corresponding input and all parameter gradients: PASS
equivariance: not asserted; upstream documents GCA-MLP as using PGA representations but not E(3)-equivariant

=== torch.compile preparation: forward ===
clifra: compile API=26932.252 ms, first call=44323.413 ms, output check=PASS, graphs=1, graph_breaks=0, recompile_limit_warning=False
reference: compile API=1.235 ms, first call=10483.985 ms, output check=PASS, graphs=1, graph_breaks=0, recompile_limit_warning=False

=== forward (compiled) ===
backend       min_ms     p25_ms  median_ms     p75_ms     samples/s         MV/s     params
clifra          0.537      0.555      0.561      0.567     14,263.8  7,303,057.3     24,776
reference       0.960      0.971      0.987      1.008      8,104.7  4,149,625.6     24,776
speed ratio reference_median / clifra_median = 1.760
> 1.0 = Clifra faster; < 1.0 = reference faster

=== torch.compile preparation: forward+backward ===
clifra: compile API=1.005 ms, first call=12910.492 ms, output/gradients check=PASS, graphs=1, graph_breaks=0, recompile_limit_warning=False
reference: compile API=1.289 ms, first call=12130.391 ms, output/gradients check=PASS, graphs=1, graph_breaks=0, recompile_limit_warning=False

=== forward+backward (compiled) ===
backend       min_ms     p25_ms  median_ms     p75_ms     samples/s         MV/s     params
clifra          2.112      2.129      2.155      2.171      3,711.5  1,900,308.9     24,776
reference       3.090      3.109      3.121      3.136      2,563.6  1,312,559.3     24,776
speed ratio reference_median / clifra_median = 1.448
> 1.0 = Clifra faster; < 1.0 = reference faster
/workspace/clifra-model-bench/.venv/lib/python3.12/site-packages/cliffordlayers/basisbladeorder.py:116: UserWarning: Sparse invariant checks are implicitly disabled. Memory errors (e.g. SEGFAULT) will occur when operating on a sparse tensor which violates the invariants, but checks incur performance overhead. To silence this warning, explicitly opt in or out. See `torch.sparse.check_sparse_tensor_invariants.__doc__` for guidance.  (Triggered internally at /__w/pytorch/pytorch/aten/src/ATen/Context.cpp:848.)
  return torch.sparse_coo_tensor(indices=coords, values=mult_table_vals, size=(n, n, n))

exit_code=0
