$ uv run --locked benchmark.py --model cgenn --variant lorentz --batch 3 --nodes 6 --hidden-features 16 --hidden-scalar-features 8 --decoder-features 16 --layers 3 --device cpu --backend both --mode both --warmup 5 --iters 20 --cpu-threads 4 --cpu-interop-threads 4 --compile

=== Provenance ===
Python: 3.12.13 (/Users/haro/works/clifra-model-bench/.venv/bin/python3)
PyTorch: 2.14.0
Clifra: 2.0.3
Clifra source: /Users/haro/works/clifra-model-bench/.venv/lib/python3.12/site-packages/clifra/__init__.py
Clifra git commit: installed package
reference source: Ruhe, Brandstetter, Forré, Clifford Group Equivariant Neural Networks; DavidRuhe/clifford-group-equivariant-neural-networks 08f2f2cbf5f7a723ea8539daf9f20a24cde73b1b (execution-only port; upstream b() indentation repaired)
benchmark git commit: 459c6c09f30625a6a214ee610e9bcfc4cd84543e
platform: macOS-26.6.2-arm64-arm-64bit / arm64
macOS: 26.6.2
device: cpu
parameter dtypes: torch.float32
CPU intra-op threads: 4
CPU inter-op threads: 4
thread environment: unset
model: cgenn variant=lorentz, signature=(1,3), batch=3, nodes/graph=6, options={'hidden_features_x': 16, 'hidden_features_h': 8, 'n_layers': 3, 'decoder_features': 16}, eval=True
parameter counts: reference=228,488, clifra=228,488
execution: compiled, mode=both

=== Correctness ===
reference: finite forward, finite backward PASS
clifra: finite forward, finite backward PASS
basis roundtrip and per-grade layouts: PASS
parameter correspondence: PASS (228,488 scalars; 95 tensors)
MVLinear: output/input/all parameter gradients and reflections PASS
MVLinear shared: output/input/all parameter gradients and reflections PASS
NormalizationLayer: output/input/all parameter gradients and reflections PASS
MVSiLU: output/input/all parameter gradients and reflections PASS
MVLayerNorm: output/input/all parameter gradients and reflections PASS
SteerableGP: output/input/all parameter gradients and reflections PASS
FullyConnectedGP: output/input/all parameter gradients and reflections PASS
whole-model output, input and 95 parameter tensor gradients: PASS
two reflections and one composed Clifford-group action: PASS

=== torch.compile preparation: forward ===
reference: compile API=328.727 ms, first call=23571.021 ms, output check=PASS, graphs=20, graph_breaks=17, recompile_limit_warning=False
clifra: compile API=0.750 ms, first call=15427.690 ms, output check=PASS, graphs=14, graph_breaks=7, recompile_limit_warning=False

=== forward (compiled) ===
backend       min_ms     p25_ms  median_ms     p75_ms      graphs/s      nodes/s      edges/s     params
reference      21.298     29.673     32.710     34.497         91.7        550.3      2,751.5    228,488
clifra          7.971     11.238     11.707     14.369        256.3      1,537.5      7,687.6    228,488
speed ratio reference_median / clifra_median = 2.794
> 1.0 = Clifra faster; < 1.0 = reference faster

=== torch.compile preparation: forward+backward ===
reference: compile API=0.672 ms, first call=30152.496 ms, output/gradients check=PASS, graphs=17, graph_breaks=13, recompile_limit_warning=True
clifra: compile API=1.011 ms, first call=18968.147 ms, output/gradients check=PASS, graphs=11, graph_breaks=6, recompile_limit_warning=False

=== forward+backward (compiled) ===
backend       min_ms     p25_ms  median_ms     p75_ms      graphs/s      nodes/s      edges/s     params
reference      43.186     44.831     46.003     47.682         65.2        391.3      1,956.4    228,488
clifra         20.166     20.541     21.137     21.734        141.9        851.6      4,258.0    228,488
speed ratio reference_median / clifra_median = 2.176
> 1.0 = Clifra faster; < 1.0 = reference faster
W0920 19:49:44.360000 95084 .venv/lib/python3.12/site-packages/torch/_dynamo/convert_frame.py:2008] [1/8] torch._dynamo hit config.recompile_limit (8)
W0920 19:49:44.360000 95084 .venv/lib/python3.12/site-packages/torch/_dynamo/convert_frame.py:2008] [1/8]    function: 'forward' (/Users/haro/works/clifra-model-bench/models/cgenn/reference.py:145)
W0920 19:49:44.360000 95084 .venv/lib/python3.12/site-packages/torch/_dynamo/convert_frame.py:2008] [1/8]    last reason: 1/7: tensor 'self._parameters['weight']' size mismatch at index 0. expected 16, actual 33. Guard failed on a parameter, consider using torch._dynamo.config.force_parameter_static_shapes = False to allow dynamism on parameters.
W0920 19:49:44.360000 95084 .venv/lib/python3.12/site-packages/torch/_dynamo/convert_frame.py:2008] [1/8] To log all recompilation reasons, use TORCH_LOGS="recompiles".
W0920 19:49:44.360000 95084 .venv/lib/python3.12/site-packages/torch/_dynamo/convert_frame.py:2008] [1/8] To diagnose recompilation issues, see https://docs.pytorch.org/docs/main/user_guide/torch_compiler/compile/programming_model.recompilation.html

exit_code=0
