$ uv run --locked benchmark.py --model cgenn --variant hulls --batch 4 --hidden-features 16 --layers 4 --device cpu --backend both --mode both --warmup 5 --iters 20 --cpu-threads 4 --cpu-interop-threads 4 --compile

=== Provenance ===
Python: 3.12.13 (/Users/haro/works/clifra-model-bench/.venv/bin/python3)
PyTorch: 2.14.0
Clifra: 2.0.3
Clifra source: /Users/haro/works/clifra-model-bench/.venv/lib/python3.12/site-packages/clifra/__init__.py
Clifra git commit: installed package
reference source: Ruhe, Brandstetter, Forré, Clifford Group Equivariant Neural Networks; DavidRuhe/clifford-group-equivariant-neural-networks 08f2f2cbf5f7a723ea8539daf9f20a24cde73b1b (execution-only port; upstream b() indentation repaired)
benchmark git commit: 459c6c09f30625a6a214ee610e9bcfc4cd84543e
platform: macOS-26.6.2-arm64-arm-64bit / arm64
macOS: 26.6.2
device: cpu
parameter dtypes: torch.float32
CPU intra-op threads: 4
CPU inter-op threads: 4
thread environment: unset
model: cgenn variant=hulls, signature=(5,0), batch=4, nodes/graph=n/a, options={'hidden_features': 16, 'num_layers': 4}, eval=True
parameter counts: reference=16,881, clifra=16,881
execution: compiled, mode=both

=== Correctness ===
reference: finite forward, finite backward PASS
clifra: finite forward, finite backward PASS
basis roundtrip and per-grade layouts: PASS
parameter correspondence: PASS (16,881 scalars; 26 tensors)
MVLinear: output/input/all parameter gradients and reflections PASS
MVLinear shared: output/input/all parameter gradients and reflections PASS
NormalizationLayer: output/input/all parameter gradients and reflections PASS
MVSiLU: output/input/all parameter gradients and reflections PASS
MVLayerNorm: output/input/all parameter gradients and reflections PASS
SteerableGP: output/input/all parameter gradients and reflections PASS
FullyConnectedGP: output/input/all parameter gradients and reflections PASS
whole-model output, input and 26 parameter tensor gradients: PASS
two reflections and one composed Clifford-group action: PASS

=== torch.compile preparation: forward ===
reference: compile API=371.455 ms, first call=9177.288 ms, output check=PASS, graphs=11, graph_breaks=9, recompile_limit_warning=False
clifra: compile API=0.606 ms, first call=5762.793 ms, output check=PASS, graphs=9, graph_breaks=4, recompile_limit_warning=False

=== forward (compiled) ===
backend       min_ms     p25_ms  median_ms     p75_ms     samples/s     points/s     params
reference       2.774      2.855      2.933      3.089      1,363.7     21,818.5     16,881
clifra          1.957      2.027      2.100      2.140      1,905.0     30,480.4     16,881
speed ratio reference_median / clifra_median = 1.397
> 1.0 = Clifra faster; < 1.0 = reference faster

=== torch.compile preparation: forward+backward ===
reference: compile API=0.561 ms, first call=12871.435 ms, output/gradients check=PASS, graphs=11, graph_breaks=8, recompile_limit_warning=False
clifra: compile API=0.891 ms, first call=8991.745 ms, output/gradients check=PASS, graphs=9, graph_breaks=4, recompile_limit_warning=False

=== forward+backward (compiled) ===
backend       min_ms     p25_ms  median_ms     p75_ms     samples/s     points/s     params
reference       6.979      7.280      7.631      8.076        524.2      8,386.5     16,881
clifra          6.577      7.130      7.447      7.934        537.1      8,594.1     16,881
speed ratio reference_median / clifra_median = 1.025
> 1.0 = Clifra faster; < 1.0 = reference faster

exit_code=0
