$ uv run --locked benchmark.py --model cgenn --variant o3 --batch 4 --hidden-features 32 --layers 4 --device cpu --backend both --mode both --warmup 5 --iters 20 --cpu-threads 4 --cpu-interop-threads 4 --compile

=== Provenance ===
Python: 3.12.13 (/Users/haro/works/clifra-model-bench/.venv/bin/python3)
PyTorch: 2.14.0
Clifra: 2.0.3
Clifra source: /Users/haro/works/clifra-model-bench/.venv/lib/python3.12/site-packages/clifra/__init__.py
Clifra git commit: installed package
reference source: Ruhe, Brandstetter, Forré, Clifford Group Equivariant Neural Networks; DavidRuhe/clifford-group-equivariant-neural-networks 08f2f2cbf5f7a723ea8539daf9f20a24cde73b1b (execution-only port; upstream b() indentation repaired)
benchmark git commit: 459c6c09f30625a6a214ee610e9bcfc4cd84543e
platform: macOS-26.6.2-arm64-arm-64bit / arm64
macOS: 26.6.2
device: cpu
parameter dtypes: torch.float32
CPU intra-op threads: 4
CPU inter-op threads: 4
thread environment: unset
model: cgenn variant=o3, signature=(3,0), batch=4, nodes/graph=n/a, options={'hidden_features': 32, 'num_layers': 4}, eval=True
parameter counts: reference=8,145, clifra=8,145
execution: compiled, mode=both

=== Correctness ===
reference: finite forward, finite backward PASS
clifra: finite forward, finite backward PASS
basis roundtrip and per-grade layouts: PASS
parameter correspondence: PASS (8,145 scalars; 16 tensors)
MVLinear: output/input/all parameter gradients and reflections PASS
MVLinear shared: output/input/all parameter gradients and reflections PASS
NormalizationLayer: output/input/all parameter gradients and reflections PASS
MVSiLU: output/input/all parameter gradients and reflections PASS
MVLayerNorm: output/input/all parameter gradients and reflections PASS
SteerableGP: output/input/all parameter gradients and reflections PASS
FullyConnectedGP: output/input/all parameter gradients and reflections PASS
whole-model output, input and 16 parameter tensor gradients: PASS
two reflections and one composed Clifford-group action: PASS

=== torch.compile preparation: forward ===
reference: compile API=375.177 ms, first call=12460.890 ms, output check=PASS, graphs=17, graph_breaks=17, recompile_limit_warning=False
clifra: compile API=0.580 ms, first call=10562.788 ms, output check=PASS, graphs=15, graph_breaks=7, recompile_limit_warning=False

=== forward (compiled) ===
backend       min_ms     p25_ms  median_ms     p75_ms     samples/s     points/s     params
reference       0.618      0.655      0.731      0.828      5,471.5     16,414.5      8,145
clifra          0.401      0.424      0.448      0.482      8,936.5     26,809.4      8,145
speed ratio reference_median / clifra_median = 1.633
> 1.0 = Clifra faster; < 1.0 = reference faster

=== torch.compile preparation: forward+backward ===
reference: compile API=0.546 ms, first call=20689.563 ms, output/gradients check=PASS, graphs=15, graph_breaks=14, recompile_limit_warning=False
clifra: compile API=0.808 ms, first call=13596.820 ms, output/gradients check=PASS, graphs=13, graph_breaks=6, recompile_limit_warning=False

=== forward+backward (compiled) ===
backend       min_ms     p25_ms  median_ms     p75_ms     samples/s     points/s     params
reference       1.385      1.522      1.620      1.668      2,469.7      7,409.1      8,145
clifra          1.206      1.239      1.273      1.350      3,142.0      9,425.9      8,145
speed ratio reference_median / clifra_median = 1.272
> 1.0 = Clifra faster; < 1.0 = reference faster

exit_code=0
