$ uv run --locked benchmark.py --model cgenn --variant o3 --device cpu --backend both --mode both --warmup 5 --iters 20 --cpu-threads 4 --cpu-interop-threads 4 --compile

=== Provenance ===
Python: 3.12.13 (/Users/haro/works/clifra-model-bench/.venv/bin/python3)
PyTorch: 2.14.0
Clifra: 2.0.3
Clifra source: /Users/haro/works/clifra-model-bench/.venv/lib/python3.12/site-packages/clifra/__init__.py
Clifra git commit: installed package
reference source: Ruhe, Brandstetter, Forré, Clifford Group Equivariant Neural Networks; DavidRuhe/clifford-group-equivariant-neural-networks 08f2f2cbf5f7a723ea8539daf9f20a24cde73b1b (execution-only port; upstream b() indentation repaired)
benchmark git commit: 459c6c09f30625a6a214ee610e9bcfc4cd84543e
platform: macOS-26.6.2-arm64-arm-64bit / arm64
macOS: 26.6.2
device: cpu
parameter dtypes: torch.float32
CPU intra-op threads: 4
CPU inter-op threads: 4
thread environment: unset
model: cgenn variant=o3, signature=(3,0), batch=2, nodes/graph=n/a, options={'hidden_features': 16, 'num_layers': 3}, eval=True
parameter counts: reference=2,945, clifra=2,945
execution: compiled, mode=both

=== Correctness ===
reference: finite forward, finite backward PASS
clifra: finite forward, finite backward PASS
basis roundtrip and per-grade layouts: PASS
parameter correspondence: PASS (2,945 scalars; 14 tensors)
MVLinear: output/input/all parameter gradients and reflections PASS
MVLinear shared: output/input/all parameter gradients and reflections PASS
NormalizationLayer: output/input/all parameter gradients and reflections PASS
MVSiLU: output/input/all parameter gradients and reflections PASS
MVLayerNorm: output/input/all parameter gradients and reflections PASS
SteerableGP: output/input/all parameter gradients and reflections PASS
FullyConnectedGP: output/input/all parameter gradients and reflections PASS
whole-model output, input and 14 parameter tensor gradients: PASS
two reflections and one composed Clifford-group action: PASS

=== torch.compile preparation: forward ===
reference: compile API=352.266 ms, first call=6634.229 ms, output check=PASS, graphs=17, graph_breaks=17, recompile_limit_warning=False
clifra: compile API=0.433 ms, first call=3520.221 ms, output check=PASS, graphs=15, graph_breaks=7, recompile_limit_warning=False

=== forward (compiled) ===
backend       min_ms     p25_ms  median_ms     p75_ms     samples/s     points/s     params
reference       0.621      0.649      0.674      0.712      2,968.0      8,904.0      2,945
clifra          0.411      0.423      0.444      0.473      4,504.5     13,513.5      2,945
speed ratio reference_median / clifra_median = 1.518
> 1.0 = Clifra faster; < 1.0 = reference faster

=== torch.compile preparation: forward+backward ===
reference: compile API=0.599 ms, first call=13632.110 ms, output/gradients check=PASS, graphs=15, graph_breaks=14, recompile_limit_warning=False
clifra: compile API=0.637 ms, first call=6482.936 ms, output/gradients check=PASS, graphs=13, graph_breaks=6, recompile_limit_warning=False

=== forward+backward (compiled) ===
backend       min_ms     p25_ms  median_ms     p75_ms     samples/s     points/s     params
reference       1.163      1.194      1.223      1.323      1,634.9      4,904.6      2,945
clifra          0.975      0.985      1.011      1.026      1,978.6      5,935.8      2,945
speed ratio reference_median / clifra_median = 1.210
> 1.0 = Clifra faster; < 1.0 = reference faster

exit_code=0
