$ uv run --locked benchmark.py --model cgenn --variant nbody --device cpu --backend both --mode both --warmup 5 --iters 20 --cpu-threads 4 --cpu-interop-threads 4 --compile

=== Provenance ===
Python: 3.12.13 (/Users/haro/works/clifra-model-bench/.venv/bin/python3)
PyTorch: 2.14.0
Clifra: 2.0.3
Clifra source: /Users/haro/works/clifra-model-bench/.venv/lib/python3.12/site-packages/clifra/__init__.py
Clifra git commit: installed package
reference source: Ruhe, Brandstetter, Forré, Clifford Group Equivariant Neural Networks; DavidRuhe/clifford-group-equivariant-neural-networks 08f2f2cbf5f7a723ea8539daf9f20a24cde73b1b (execution-only port; upstream b() indentation repaired)
benchmark git commit: 459c6c09f30625a6a214ee610e9bcfc4cd84543e
platform: macOS-26.6.2-arm64-arm-64bit / arm64
macOS: 26.6.2
device: cpu
parameter dtypes: torch.float32
CPU intra-op threads: 4
CPU inter-op threads: 4
thread environment: unset
model: cgenn variant=nbody, signature=(3,0), batch=2, nodes/graph=4, options={'hidden_features': 8, 'n_layers': 2}, eval=True
parameter counts: reference=9,025, clifra=9,025
execution: compiled, mode=both

=== Correctness ===
reference: finite forward, finite backward PASS
clifra: finite forward, finite backward PASS
basis roundtrip and per-grade layouts: PASS
parameter correspondence: PASS (9,025 scalars; 84 tensors)
MVLinear: output/input/all parameter gradients and reflections PASS
MVLinear shared: output/input/all parameter gradients and reflections PASS
NormalizationLayer: output/input/all parameter gradients and reflections PASS
MVSiLU: output/input/all parameter gradients and reflections PASS
MVLayerNorm: output/input/all parameter gradients and reflections PASS
SteerableGP: output/input/all parameter gradients and reflections PASS
FullyConnectedGP: output/input/all parameter gradients and reflections PASS
whole-model output, input and 84 parameter tensor gradients: PASS
two reflections and one composed Clifford-group action: PASS

=== torch.compile preparation: forward ===
reference: compile API=282.928 ms, first call=10920.311 ms, output check=PASS, graphs=26, graph_breaks=18, recompile_limit_warning=False
clifra: compile API=0.490 ms, first call=6486.859 ms, output check=PASS, graphs=23, graph_breaks=7, recompile_limit_warning=False

=== forward (compiled) ===
backend       min_ms     p25_ms  median_ms     p75_ms      graphs/s      nodes/s      edges/s     params
reference       3.117      3.311      3.378      3.540        592.2      2,368.6      7,105.8      9,025
clifra          1.943      2.065      2.114      2.261        946.2      3,784.7     11,354.2      9,025
speed ratio reference_median / clifra_median = 1.598
> 1.0 = Clifra faster; < 1.0 = reference faster

=== torch.compile preparation: forward+backward ===
reference: compile API=0.577 ms, first call=10935.626 ms, output/gradients check=PASS, graphs=15, graph_breaks=13, recompile_limit_warning=True
clifra: compile API=0.654 ms, first call=11824.823 ms, output/gradients check=PASS, graphs=15, graph_breaks=5, recompile_limit_warning=True

=== forward+backward (compiled) ===
backend       min_ms     p25_ms  median_ms     p75_ms      graphs/s      nodes/s      edges/s     params
reference       6.691      6.756      6.840      6.947        292.4      1,169.6      3,508.7      9,025
clifra          5.117      5.242      5.291      5.389        378.0      1,511.9      4,535.8      9,025
speed ratio reference_median / clifra_median = 1.293
> 1.0 = Clifra faster; < 1.0 = reference faster
W0920 19:46:09.670000 93458 .venv/lib/python3.12/site-packages/torch/_dynamo/convert_frame.py:2008] [4/8] torch._dynamo hit config.recompile_limit (8)
W0920 19:46:09.670000 93458 .venv/lib/python3.12/site-packages/torch/_dynamo/convert_frame.py:2008] [4/8]    function: 'torch_dynamo_resume_in_forward_at_147' (/Users/haro/works/clifra-model-bench/models/cgenn/reference.py:147)
W0920 19:46:09.670000 93458 .venv/lib/python3.12/site-packages/torch/_dynamo/convert_frame.py:2008] [4/8]    last reason: 4/7: GLOBAL_STATE changed: grad_mode 
W0920 19:46:09.670000 93458 .venv/lib/python3.12/site-packages/torch/_dynamo/convert_frame.py:2008] [4/8] To log all recompilation reasons, use TORCH_LOGS="recompiles".
W0920 19:46:09.670000 93458 .venv/lib/python3.12/site-packages/torch/_dynamo/convert_frame.py:2008] [4/8] To diagnose recompilation issues, see https://docs.pytorch.org/docs/main/user_guide/torch_compiler/compile/programming_model.recompilation.html
W0920 19:46:13.289000 93458 .venv/lib/python3.12/site-packages/torch/_dynamo/convert_frame.py:2008] [1/8] torch._dynamo hit config.recompile_limit (8)
W0920 19:46:13.289000 93458 .venv/lib/python3.12/site-packages/torch/_dynamo/convert_frame.py:2008] [1/8]    function: 'forward' (/Users/haro/works/clifra-model-bench/models/cgenn/reference.py:145)
W0920 19:46:13.289000 93458 .venv/lib/python3.12/site-packages/torch/_dynamo/convert_frame.py:2008] [1/8]    last reason: 1/7: tensor 'self._parameters['weight']' size mismatch at index 1. expected 8, actual 16. Guard failed on a parameter, consider using torch._dynamo.config.force_parameter_static_shapes = False to allow dynamism on parameters.
W0920 19:46:13.289000 93458 .venv/lib/python3.12/site-packages/torch/_dynamo/convert_frame.py:2008] [1/8] To log all recompilation reasons, use TORCH_LOGS="recompiles".
W0920 19:46:13.289000 93458 .venv/lib/python3.12/site-packages/torch/_dynamo/convert_frame.py:2008] [1/8] To diagnose recompilation issues, see https://docs.pytorch.org/docs/main/user_guide/torch_compiler/compile/programming_model.recompilation.html
W0920 19:46:29.978000 93458 .venv/lib/python3.12/site-packages/torch/_dynamo/convert_frame.py:2008] [19/8] torch._dynamo hit config.recompile_limit (8)
W0920 19:46:29.978000 93458 .venv/lib/python3.12/site-packages/torch/_dynamo/convert_frame.py:2008] [19/8]    function: 'forward' (/Users/haro/works/clifra-model-bench/models/cgenn/clifra.py:79)
W0920 19:46:29.978000 93458 .venv/lib/python3.12/site-packages/torch/_dynamo/convert_frame.py:2008] [19/8]    last reason: 19/7: tensor 'values' size mismatch at index 1. expected 8, actual 16
W0920 19:46:29.978000 93458 .venv/lib/python3.12/site-packages/torch/_dynamo/convert_frame.py:2008] [19/8] To log all recompilation reasons, use TORCH_LOGS="recompiles".
W0920 19:46:29.978000 93458 .venv/lib/python3.12/site-packages/torch/_dynamo/convert_frame.py:2008] [19/8] To diagnose recompilation issues, see https://docs.pytorch.org/docs/main/user_guide/torch_compiler/compile/programming_model.recompilation.html

exit_code=0
