$ uv run --locked benchmark.py --model cgenn --variant nbody --batch 3 --nodes 6 --hidden-features 16 --layers 3 --device cpu --backend both --mode both --warmup 5 --iters 20 --cpu-threads 4 --cpu-interop-threads 4 --compile

=== Provenance ===
Python: 3.12.13 (/Users/haro/works/clifra-model-bench/.venv/bin/python3)
PyTorch: 2.14.0
Clifra: 2.0.3
Clifra source: /Users/haro/works/clifra-model-bench/.venv/lib/python3.12/site-packages/clifra/__init__.py
Clifra git commit: installed package
reference source: Ruhe, Brandstetter, Forré, Clifford Group Equivariant Neural Networks; DavidRuhe/clifford-group-equivariant-neural-networks 08f2f2cbf5f7a723ea8539daf9f20a24cde73b1b (execution-only port; upstream b() indentation repaired)
benchmark git commit: 459c6c09f30625a6a214ee610e9bcfc4cd84543e
platform: macOS-26.6.2-arm64-arm-64bit / arm64
macOS: 26.6.2
device: cpu
parameter dtypes: torch.float32
CPU intra-op threads: 4
CPU inter-op threads: 4
thread environment: unset
model: cgenn variant=nbody, signature=(3,0), batch=3, nodes/graph=6, options={'hidden_features': 16, 'n_layers': 3}, eval=True
parameter counts: reference=46,977, clifra=46,977
execution: compiled, mode=both

=== Correctness ===
reference: finite forward, finite backward PASS
clifra: finite forward, finite backward PASS
basis roundtrip and per-grade layouts: PASS
parameter correspondence: PASS (46,977 scalars; 124 tensors)
MVLinear: output/input/all parameter gradients and reflections PASS
MVLinear shared: output/input/all parameter gradients and reflections PASS
NormalizationLayer: output/input/all parameter gradients and reflections PASS
MVSiLU: output/input/all parameter gradients and reflections PASS
MVLayerNorm: output/input/all parameter gradients and reflections PASS
SteerableGP: output/input/all parameter gradients and reflections PASS
FullyConnectedGP: output/input/all parameter gradients and reflections PASS
whole-model output, input and 124 parameter tensor gradients: PASS
two reflections and one composed Clifford-group action: PASS

=== torch.compile preparation: forward ===
reference: compile API=330.329 ms, first call=18780.152 ms, output check=PASS, graphs=26, graph_breaks=18, recompile_limit_warning=False
clifra: compile API=0.418 ms, first call=13642.904 ms, output check=PASS, graphs=23, graph_breaks=7, recompile_limit_warning=False

=== forward (compiled) ===
backend       min_ms     p25_ms  median_ms     p75_ms      graphs/s      nodes/s      edges/s     params
reference       9.241      9.788      9.954     10.123        301.4      1,808.4      9,041.9     46,977
clifra          7.911      8.090      8.278      8.568        362.4      2,174.4     10,872.2     46,977
speed ratio reference_median / clifra_median = 1.202
> 1.0 = Clifra faster; < 1.0 = reference faster

=== torch.compile preparation: forward+backward ===
reference: compile API=0.659 ms, first call=22064.524 ms, output/gradients check=PASS, graphs=15, graph_breaks=13, recompile_limit_warning=True
clifra: compile API=0.921 ms, first call=19237.398 ms, output/gradients check=PASS, graphs=15, graph_breaks=5, recompile_limit_warning=True

=== forward+backward (compiled) ===
backend       min_ms     p25_ms  median_ms     p75_ms      graphs/s      nodes/s      edges/s     params
reference      20.691     21.677     22.563     23.747        133.0        797.8      3,988.8     46,977
clifra         20.722     20.949     21.603     23.352        138.9        833.2      4,166.1     46,977
speed ratio reference_median / clifra_median = 1.044
> 1.0 = Clifra faster; < 1.0 = reference faster
W0920 19:47:10.275000 93798 .venv/lib/python3.12/site-packages/torch/_dynamo/convert_frame.py:2008] [4/8] torch._dynamo hit config.recompile_limit (8)
W0920 19:47:10.275000 93798 .venv/lib/python3.12/site-packages/torch/_dynamo/convert_frame.py:2008] [4/8]    function: 'torch_dynamo_resume_in_forward_at_147' (/Users/haro/works/clifra-model-bench/models/cgenn/reference.py:147)
W0920 19:47:10.275000 93798 .venv/lib/python3.12/site-packages/torch/_dynamo/convert_frame.py:2008] [4/8]    last reason: 4/7: GLOBAL_STATE changed: grad_mode 
W0920 19:47:10.275000 93798 .venv/lib/python3.12/site-packages/torch/_dynamo/convert_frame.py:2008] [4/8] To log all recompilation reasons, use TORCH_LOGS="recompiles".
W0920 19:47:10.275000 93798 .venv/lib/python3.12/site-packages/torch/_dynamo/convert_frame.py:2008] [4/8] To diagnose recompilation issues, see https://docs.pytorch.org/docs/main/user_guide/torch_compiler/compile/programming_model.recompilation.html
W0920 19:47:16.383000 93798 .venv/lib/python3.12/site-packages/torch/_dynamo/convert_frame.py:2008] [1/8] torch._dynamo hit config.recompile_limit (8)
W0920 19:47:16.383000 93798 .venv/lib/python3.12/site-packages/torch/_dynamo/convert_frame.py:2008] [1/8]    function: 'forward' (/Users/haro/works/clifra-model-bench/models/cgenn/reference.py:145)
W0920 19:47:16.383000 93798 .venv/lib/python3.12/site-packages/torch/_dynamo/convert_frame.py:2008] [1/8]    last reason: 1/7: tensor 'self._parameters['weight']' size mismatch at index 1. expected 16, actual 32. Guard failed on a parameter, consider using torch._dynamo.config.force_parameter_static_shapes = False to allow dynamism on parameters.
W0920 19:47:16.383000 93798 .venv/lib/python3.12/site-packages/torch/_dynamo/convert_frame.py:2008] [1/8] To log all recompilation reasons, use TORCH_LOGS="recompiles".
W0920 19:47:16.383000 93798 .venv/lib/python3.12/site-packages/torch/_dynamo/convert_frame.py:2008] [1/8] To diagnose recompilation issues, see https://docs.pytorch.org/docs/main/user_guide/torch_compiler/compile/programming_model.recompilation.html
W0920 19:47:47.173000 93798 .venv/lib/python3.12/site-packages/torch/_dynamo/convert_frame.py:2008] [19/8] torch._dynamo hit config.recompile_limit (8)
W0920 19:47:47.173000 93798 .venv/lib/python3.12/site-packages/torch/_dynamo/convert_frame.py:2008] [19/8]    function: 'forward' (/Users/haro/works/clifra-model-bench/models/cgenn/clifra.py:79)
W0920 19:47:47.173000 93798 .venv/lib/python3.12/site-packages/torch/_dynamo/convert_frame.py:2008] [19/8]    last reason: 19/7: tensor 'values' size mismatch at index 1. expected 16, actual 32
W0920 19:47:47.173000 93798 .venv/lib/python3.12/site-packages/torch/_dynamo/convert_frame.py:2008] [19/8] To log all recompilation reasons, use TORCH_LOGS="recompiles".
W0920 19:47:47.173000 93798 .venv/lib/python3.12/site-packages/torch/_dynamo/convert_frame.py:2008] [19/8] To diagnose recompilation issues, see https://docs.pytorch.org/docs/main/user_guide/torch_compiler/compile/programming_model.recompilation.html

exit_code=0
