$ uv run --locked benchmark.py --model clifford_resnet2d --device cpu --backend both --mode both --warmup 5 --iters 20 --cpu-threads 4 --cpu-interop-threads 4 --compile

=== Provenance ===
Python: 3.12.13 (/Users/haro/works/clifra-model-bench/.venv/bin/python3)
PyTorch: 2.14.0
Clifra: 2.0.3
Clifra source: /Users/haro/works/clifra-model-bench/.venv/lib/python3.12/site-packages/clifra/__init__.py
Clifra git commit: installed package
cliffordlayers: 0.1.3.dev7+g74799cf45
reference source: Brandstetter et al., Clifford Neural Layers for PDE Modeling; Microsoft cliffordlayers 74799cf4588a065916305bfcf2f030d84918f0ad
benchmark git commit: 459c6c09f30625a6a214ee610e9bcfc4cd84543e
platform: macOS-26.6.2-arm64-arm-64bit / arm64
macOS: 26.6.2
device: cpu
parameter dtypes: torch.float32
CPU intra-op threads: 4
CPU inter-op threads: 4
thread environment: unset
model: clifford_resnet2d g=(2,0), batch=1, grid=32x32, channels=1/1, hidden=4, blocks=2, norm=True, rotation=False, padding=9
parameter counts: reference=2,736, clifra=2,736
execution: compiled, mode=both

=== Correctness ===
reference: finite forward, finite backward PASS
clifra: finite forward, finite backward PASS
basis/convention roundtrip: PASS (identical [1,e1,e2,e12] order)
parameter correspondence: PASS (2,736 scalars)
encoder equivalence: PASS
decoder equivalence: PASS
conv2d equivalence: PASS
basic block equivalence: PASS
whole-model output, input and 37 parameter gradients: PASS

=== torch.compile preparation: forward ===
reference: COMPILE FAILED: AssertionError: Tensor-likes are not close!

Mismatched elements: 537 / 3072 (17.5%)
Greatest absolute difference: 0.0008618831634521484 at index (0, 0, 7, 8, 2) (up to 0.0001 allowed)
Greatest relative difference: 4.4507646560668945 at index (0, 0, 7, 9, 2) (up to 0.001 allowed)
clifra: compile API=0.578 ms, first call=2893.320 ms, output check=PASS, graphs=1, graph_breaks=0, recompile_limit_warning=False

=== forward (compiled) ===
backend       min_ms     p25_ms  median_ms     p75_ms     samples/s grid points/s     params
clifra          1.541      1.764      1.850      1.917        540.5    553,488.5      2,736

=== torch.compile preparation: forward+backward ===
reference: compile API=0.716 ms, first call=9081.552 ms, output/gradients check=PASS, graphs=1, graph_breaks=0, recompile_limit_warning=False
clifra: compile API=0.847 ms, first call=7451.787 ms, output/gradients check=PASS, graphs=1, graph_breaks=0, recompile_limit_warning=False

=== forward+backward (compiled) ===
backend       min_ms     p25_ms  median_ms     p75_ms     samples/s grid points/s     params
reference       3.592      3.905      4.368      4.675        228.9    234,437.8      2,736
clifra          3.181      4.075      4.329      4.505        231.0    236,520.3      2,736
speed ratio reference_median / clifra_median = 1.009
> 1.0 = Clifra faster; < 1.0 = reference faster

exit_code=0
