$ uv run --locked benchmark.py --model clifford_fno2d --device cpu --backend both --mode both --warmup 5 --iters 20 --cpu-threads 4 --cpu-interop-threads 4 --compile

=== Provenance ===
Python: 3.12.13 (/Users/haro/works/clifra-model-bench/.venv/bin/python3)
PyTorch: 2.14.0
Clifra: 2.0.3
Clifra source: /Users/haro/works/clifra-model-bench/.venv/lib/python3.12/site-packages/clifra/__init__.py
Clifra git commit: installed package
cliffordlayers: 0.1.3.dev7+g74799cf45
reference source: Brandstetter et al., Clifford Neural Layers for PDE Modeling; Microsoft cliffordlayers 74799cf4588a065916305bfcf2f030d84918f0ad
benchmark git commit: 459c6c09f30625a6a214ee610e9bcfc4cd84543e
platform: macOS-26.6.2-arm64-arm-64bit / arm64
macOS: 26.6.2
device: cpu
parameter dtypes: torch.float32
CPU intra-op threads: 4
CPU inter-op threads: 4
thread environment: unset
model: clifford_fno2d g=(2,0), batch=1, grid=32x32, channels=1/1, hidden=4, blocks=2, modes=(16,16), norm=False, rotation=False, padding=9
parameter counts: reference=131,280, clifra=131,280
execution: compiled, mode=both

=== Correctness ===
reference: finite forward, finite backward PASS
clifra: finite forward, finite backward PASS
basis/convention roundtrip: PASS (identical [1,e1,e2,e12] order)
parameter correspondence: PASS (131,280 scalars)
Fourier dual-pair roundtrip: PASS
spectral mode selection: PASS
encoder equivalence: PASS
decoder equivalence: PASS
local CliffordConv2d equivalence: PASS
spectral convolution equivalence: PASS
Fourier block equivalence: PASS
spectral input and 1 parameter gradient: PASS
whole-model output, input and 21 parameter gradients: PASS

=== torch.compile preparation: forward ===
reference: compile API=296.033 ms, first call=6056.327 ms, output check=PASS, graphs=1, graph_breaks=0, recompile_limit_warning=False
clifra: compile API=0.950 ms, first call=4250.900 ms, output check=PASS, graphs=1, graph_breaks=0, recompile_limit_warning=False

=== forward (compiled) ===
backend       min_ms     p25_ms  median_ms     p75_ms     samples/s grid points/s     params
reference       1.550      1.589      1.754      1.814        570.2    583,843.2    131,280
clifra          1.123      1.205      1.296      1.376        771.3    789,818.7    131,280
speed ratio reference_median / clifra_median = 1.353
> 1.0 = Clifra faster; < 1.0 = reference faster

=== torch.compile preparation: forward+backward ===
reference: compile API=0.671 ms, first call=12986.543 ms, output/gradients check=PASS, graphs=1, graph_breaks=0, recompile_limit_warning=False
clifra: compile API=0.604 ms, first call=8867.387 ms, output/gradients check=PASS, graphs=1, graph_breaks=0, recompile_limit_warning=False

=== forward+backward (compiled) ===
backend       min_ms     p25_ms  median_ms     p75_ms     samples/s grid points/s     params
reference       3.047      3.127      3.151      3.324        317.4    325,006.3    131,280
clifra          2.743      2.877      2.918      3.003        342.7    350,882.7    131,280
speed ratio reference_median / clifra_median = 1.080
> 1.0 = Clifra faster; < 1.0 = reference faster
/Users/haro/works/clifra-model-bench/.venv/lib/python3.12/site-packages/torch/_inductor/lowering.py:2774: UserWarning: Torchinductor does not support code generation for complex operators. Performance may be worse than eager.
  warnings.warn(

exit_code=0
