$ uv run --locked benchmark.py --model clifford_fno2d --device cpu --backend both --mode both --warmup 5 --iters 20 --cpu-threads 4 --cpu-interop-threads 4

=== Provenance ===
Python: 3.12.13 (/Users/haro/works/clifra-model-bench/.venv/bin/python3)
PyTorch: 2.14.0
Clifra: 2.0.3
Clifra source: /Users/haro/works/clifra-model-bench/.venv/lib/python3.12/site-packages/clifra/__init__.py
Clifra git commit: installed package
cliffordlayers: 0.1.3.dev7+g74799cf45
reference source: Brandstetter et al., Clifford Neural Layers for PDE Modeling; Microsoft cliffordlayers 74799cf4588a065916305bfcf2f030d84918f0ad
benchmark git commit: 459c6c09f30625a6a214ee610e9bcfc4cd84543e
platform: macOS-26.6.2-arm64-arm-64bit / arm64
macOS: 26.6.2
device: cpu
parameter dtypes: torch.float32
CPU intra-op threads: 4
CPU inter-op threads: 4
thread environment: unset
model: clifford_fno2d g=(2,0), batch=1, grid=32x32, channels=1/1, hidden=4, blocks=2, modes=(16,16), norm=False, rotation=False, padding=9
parameter counts: reference=131,280, clifra=131,280
execution: eager, mode=both

=== Correctness ===
reference: finite forward, finite backward PASS
clifra: finite forward, finite backward PASS
basis/convention roundtrip: PASS (identical [1,e1,e2,e12] order)
parameter correspondence: PASS (131,280 scalars)
Fourier dual-pair roundtrip: PASS
spectral mode selection: PASS
encoder equivalence: PASS
decoder equivalence: PASS
local CliffordConv2d equivalence: PASS
spectral convolution equivalence: PASS
Fourier block equivalence: PASS
spectral input and 1 parameter gradient: PASS
whole-model output, input and 21 parameter gradients: PASS

=== forward (eager) ===
backend       min_ms     p25_ms  median_ms     p75_ms     samples/s grid points/s     params
reference       1.111      1.136      1.195      1.332        836.6    856,694.4    131,280
clifra          0.909      0.960      1.020      1.103        980.1  1,003,654.9    131,280
speed ratio reference_median / clifra_median = 1.172
> 1.0 = Clifra faster; < 1.0 = reference faster

=== forward+backward (eager) ===
backend       min_ms     p25_ms  median_ms     p75_ms     samples/s grid points/s     params
reference       4.252      4.420      4.697      4.885        212.9    218,003.8    131,280
clifra          2.800      2.961      3.077      3.234        325.0    332,755.6    131,280
speed ratio reference_median / clifra_median = 1.526
> 1.0 = Clifra faster; < 1.0 = reference faster

exit_code=0
