$ uv run --locked benchmark.py --model clifford_resnet2d --grid 48 --hidden-channels 8 --blocks 3 --device cpu --backend both --mode both --warmup 5 --iters 20 --cpu-threads 4 --cpu-interop-threads 4

=== Provenance ===
Python: 3.12.13 (/Users/haro/works/clifra-model-bench/.venv/bin/python3)
PyTorch: 2.14.0
Clifra: 2.0.3
Clifra source: /Users/haro/works/clifra-model-bench/.venv/lib/python3.12/site-packages/clifra/__init__.py
Clifra git commit: installed package
cliffordlayers: 0.1.3.dev7+g74799cf45
reference source: Brandstetter et al., Clifford Neural Layers for PDE Modeling; Microsoft cliffordlayers 74799cf4588a065916305bfcf2f030d84918f0ad
benchmark git commit: 459c6c09f30625a6a214ee610e9bcfc4cd84543e
platform: macOS-26.6.2-arm64-arm-64bit / arm64
macOS: 26.6.2
device: cpu
parameter dtypes: torch.float32
CPU intra-op threads: 4
CPU inter-op threads: 4
thread environment: unset
model: clifford_resnet2d g=(2,0), batch=1, grid=48x48, channels=1/1, hidden=8, blocks=3, norm=True, rotation=False, padding=9
parameter counts: reference=15,072, clifra=15,072
execution: eager, mode=both

=== Correctness ===
reference: finite forward, finite backward PASS
clifra: finite forward, finite backward PASS
basis/convention roundtrip: PASS (identical [1,e1,e2,e12] order)
parameter correspondence: PASS (15,072 scalars)
encoder equivalence: PASS
decoder equivalence: PASS
conv2d equivalence: PASS
basic block equivalence: PASS
whole-model output, input and 51 parameter gradients: PASS

=== forward (eager) ===
backend       min_ms     p25_ms  median_ms     p75_ms     samples/s grid points/s     params
reference       5.635      5.783      5.906      6.079        169.3    390,113.1     15,072
clifra          4.321      4.707      4.778      4.910        209.3    482,237.5     15,072
speed ratio reference_median / clifra_median = 1.236
> 1.0 = Clifra faster; < 1.0 = reference faster

=== forward+backward (eager) ===
backend       min_ms     p25_ms  median_ms     p75_ms     samples/s grid points/s     params
reference      15.648     16.663     17.261     17.909         57.9    133,477.4     15,072
clifra         11.765     12.736     13.398     14.384         74.6    171,961.4     15,072
speed ratio reference_median / clifra_median = 1.288
> 1.0 = Clifra faster; < 1.0 = reference faster

exit_code=0
