$ uv run --locked benchmark.py --model clifford_resnet2d --grid 48 --hidden-channels 8 --blocks 3 --device cpu --backend both --mode both --warmup 5 --iters 20 --cpu-threads 4 --cpu-interop-threads 4 --compile

=== Provenance ===
Python: 3.12.13 (/Users/haro/works/clifra-model-bench/.venv/bin/python3)
PyTorch: 2.14.0
Clifra: 2.0.3
Clifra source: /Users/haro/works/clifra-model-bench/.venv/lib/python3.12/site-packages/clifra/__init__.py
Clifra git commit: installed package
cliffordlayers: 0.1.3.dev7+g74799cf45
reference source: Brandstetter et al., Clifford Neural Layers for PDE Modeling; Microsoft cliffordlayers 74799cf4588a065916305bfcf2f030d84918f0ad
benchmark git commit: 459c6c09f30625a6a214ee610e9bcfc4cd84543e
platform: macOS-26.6.2-arm64-arm-64bit / arm64
macOS: 26.6.2
device: cpu
parameter dtypes: torch.float32
CPU intra-op threads: 4
CPU inter-op threads: 4
thread environment: unset
model: clifford_resnet2d g=(2,0), batch=1, grid=48x48, channels=1/1, hidden=8, blocks=3, norm=True, rotation=False, padding=9
parameter counts: reference=15,072, clifra=15,072
execution: compiled, mode=both

=== Correctness ===
reference: finite forward, finite backward PASS
clifra: finite forward, finite backward PASS
basis/convention roundtrip: PASS (identical [1,e1,e2,e12] order)
parameter correspondence: PASS (15,072 scalars)
encoder equivalence: PASS
decoder equivalence: PASS
conv2d equivalence: PASS
basic block equivalence: PASS
whole-model output, input and 51 parameter gradients: PASS

=== torch.compile preparation: forward ===
reference: compile API=327.970 ms, first call=6808.946 ms, output check=PASS, graphs=1, graph_breaks=0, recompile_limit_warning=False
clifra: COMPILE FAILED: AssertionError: Tensor-likes are not close!

Mismatched elements: 11 / 6912 (0.2%)
Greatest absolute difference: 0.00019488530233502388 at index (0, 0, 13, 16, 0) (up to 0.0001 allowed)
Greatest relative difference: 0.16875892877578735 at index (0, 0, 31, 37, 2) (up to 0.001 allowed)

=== forward (compiled) ===
backend       min_ms     p25_ms  median_ms     p75_ms     samples/s grid points/s     params
reference       5.946      6.018      6.182      6.337        161.8    372,710.0     15,072

=== torch.compile preparation: forward+backward ===
reference: COMPILE FAILED: AssertionError: Tensor-likes are not close!

Mismatched elements: 10 / 6912 (0.1%)
Greatest absolute difference: 0.00019280705600976944 at index (0, 0, 13, 16, 0) (up to 0.0001 allowed)
Greatest relative difference: 0.1689106673002243 at index (0, 0, 31, 37, 2) (up to 0.001 allowed)
clifra: COMPILE FAILED: AssertionError: Tensor-likes are not close!

Mismatched elements: 10 / 6912 (0.1%)
Greatest absolute difference: 0.00019280705600976944 at index (0, 0, 13, 16, 0) (up to 0.0001 allowed)
Greatest relative difference: 0.1689106673002243 at index (0, 0, 31, 37, 2) (up to 0.001 allowed)
No backend compiled successfully for forward+backward; eager correctness remains valid.

exit_code=0
