$ uv run --locked benchmark.py --model clifford_fno3d --device cpu --backend both --mode both --warmup 5 --iters 20 --cpu-threads 4 --cpu-interop-threads 4 --compile

=== Provenance ===
Python: 3.12.13 (/Users/haro/works/clifra-model-bench/.venv/bin/python3)
PyTorch: 2.14.0
Clifra: 2.0.3
Clifra source: /Users/haro/works/clifra-model-bench/.venv/lib/python3.12/site-packages/clifra/__init__.py
Clifra git commit: installed package
cliffordlayers: 0.1.3.dev7+g74799cf45
reference source: Brandstetter et al., Clifford Neural Layers for PDE Modeling; Microsoft cliffordlayers 74799cf4588a065916305bfcf2f030d84918f0ad
benchmark git commit: 459c6c09f30625a6a214ee610e9bcfc4cd84543e
platform: macOS-26.6.2-arm64-arm-64bit / arm64
macOS: 26.6.2
device: cpu
parameter dtypes: torch.float32
CPU intra-op threads: 4
CPU inter-op threads: 4
thread environment: unset
model: clifford_fno3d g=(3,0), batch=1, grid=16^3, channels=1/1, hidden=2, blocks=2, modes=(8,8,8), norm=False, padding=2, boundary=vector+bivector
parameter counts: reference=262,288, clifra=262,288
execution: compiled, mode=both

=== Correctness ===
reference: finite forward, finite backward PASS
clifra: finite forward, finite backward PASS
full and vector+bivector convention roundtrips: PASS
parameter correspondence: PASS (262,288 scalars)
3D Fourier pair/unpair: PASS
3D spectral mode selection: PASS
Fourier-space geometric-product kernel: PASS
Maxwell encoder equivalence: PASS
Maxwell decoder equivalence: PASS
CliffordConv3d equivalence: PASS
spectral convolution equivalence: PASS
Fourier block equivalence: PASS
spectral input and 1 parameter gradients: PASS
whole-model output, input and 37 parameter gradients: PASS

=== torch.compile preparation: forward ===
reference: compile API=298.563 ms, first call=14283.979 ms, output check=PASS, graphs=1, graph_breaks=0, recompile_limit_warning=False
clifra: compile API=0.578 ms, first call=7171.516 ms, output check=PASS, graphs=1, graph_breaks=0, recompile_limit_warning=False

=== forward (compiled) ===
backend       min_ms     p25_ms  median_ms     p75_ms     samples/s grid points/s     params
reference       3.621      3.994      4.237      4.447        236.0    966,688.3    262,288
clifra          2.267      2.348      2.396      2.481        417.4  1,709,620.0    262,288
speed ratio reference_median / clifra_median = 1.769
> 1.0 = Clifra faster; < 1.0 = reference faster

=== torch.compile preparation: forward+backward ===
reference: compile API=0.671 ms, first call=69452.737 ms, output/gradients check=PASS, graphs=1, graph_breaks=0, recompile_limit_warning=False
clifra: compile API=0.730 ms, first call=62948.106 ms, output/gradients check=PASS, graphs=1, graph_breaks=0, recompile_limit_warning=False

=== forward+backward (compiled) ===
backend       min_ms     p25_ms  median_ms     p75_ms     samples/s grid points/s     params
reference       8.347      8.851      9.253     11.269        108.1    442,657.3    262,288
clifra          6.784      7.178      7.371      8.310        135.7    555,725.8    262,288
speed ratio reference_median / clifra_median = 1.255
> 1.0 = Clifra faster; < 1.0 = reference faster
/Users/haro/works/clifra-model-bench/.venv/lib/python3.12/site-packages/torch/_inductor/lowering.py:2774: UserWarning: Torchinductor does not support code generation for complex operators. Performance may be worse than eager.
  warnings.warn(

exit_code=0
