$ uv run --locked benchmark.py --model gatr --items 16 --hidden-mv-channels 8 --hidden-s-channels 32 --blocks 3 --heads 4 --device cpu --backend both --mode both --warmup 5 --iters 20 --cpu-threads 4 --cpu-interop-threads 4 --compile

attention backend: PyTorch SDPA (reference and Clifra)
=== Provenance ===
Python: 3.12.13 (/Users/haro/works/clifra-model-bench/.venv/bin/python3)
PyTorch: 2.14.0
Clifra: 2.0.3
Clifra source: /Users/haro/works/clifra-model-bench/.venv/lib/python3.12/site-packages/clifra/__init__.py
Clifra git commit: installed package
gatr: 1.4.2
einops: 0.8.2
opt-einsum: 3.4.0
xformers: not installed
reference source: Qualcomm GATr commit 6afc26f26b8fcf51136ae8c1d264a36e14b6e497 (installed official package; changelog 1.4.3, package __version__ 1.4.2)
benchmark git commit: 459c6c09f30625a6a214ee610e9bcfc4cd84543e
platform: macOS-26.6.2-arm64-arm-64bit / arm64
macOS: 26.6.2
device: cpu
parameter dtypes: torch.float32
CPU intra-op threads: 4
CPU inter-op threads: 4
thread environment: unset
model: gatr batch=2, items=16, MV=2/8/2, scalar=2/32/2, blocks=3, heads=4, attention=PyTorch SDPA
parameter counts: reference=73,604, clifra=73,604
execution: compiled, mode=both

=== Correctness ===
reference: finite forward, finite backward PASS
clifra: finite forward, finite backward PASS
convention roundtrip: PASS
full-model MV/scalar output equivalence: PASS
primitive, Q/K/V, MLP, and one-block equivalence: PASS
MV/scalar input and all 159 parameter gradients: PASS
rotations, translations, reflection: MV equivariance, scalar invariance PASS

=== torch.compile preparation: forward ===
reference: compile API=297.388 ms, first call=20754.303 ms, output check=PASS, graphs=10, graph_breaks=5, recompile_limit_warning=False
clifra: compile API=0.831 ms, first call=16800.452 ms, output check=PASS, graphs=1, graph_breaks=0, recompile_limit_warning=False

=== forward (compiled) ===
backend       min_ms     p25_ms  median_ms     p75_ms     samples/s     tokens/s  output MV/s     params
reference       3.957      4.019      4.152      4.428        481.8      7,708.0     15,416.0     73,604
clifra          3.114      3.218      3.294      3.452        607.2      9,714.6     19,429.1     73,604
speed ratio reference_median / clifra_median = 1.260
> 1.0 = Clifra faster; < 1.0 = reference faster

=== torch.compile preparation: forward+backward ===
reference: compile API=0.651 ms, first call=35702.312 ms, output/gradients check=PASS, graphs=10, graph_breaks=5, recompile_limit_warning=False
clifra: compile API=0.885 ms, first call=33359.165 ms, output/gradients check=PASS, graphs=1, graph_breaks=0, recompile_limit_warning=False

=== forward+backward (compiled) ===
backend       min_ms     p25_ms  median_ms     p75_ms     samples/s     tokens/s  output MV/s     params
reference      10.719     10.953     11.195     11.496        178.7      2,858.5      5,717.0     73,604
clifra          7.748      7.983      8.035      8.342        248.9      3,982.7      7,965.4     73,604
speed ratio reference_median / clifra_median = 1.393
> 1.0 = Clifra faster; < 1.0 = reference faster
/Users/haro/works/clifra-model-bench/.venv/lib/python3.12/site-packages/torch/serialization.py:2244: UserWarning: Validating sparse tensor invariants because weights_only=True; this is an O(nnz) scan per sparse tensor and may be slow for large checkpoints.
  torch._utils._validate_loaded_sparse_tensors(weights_only=weights_only)
/Users/haro/works/clifra-model-bench/.venv/lib/python3.12/site-packages/torch/serialization.py:2244: UserWarning: Validating sparse tensor invariants because weights_only=True; this is an O(nnz) scan per sparse tensor and may be slow for large checkpoints.
  torch._utils._validate_loaded_sparse_tensors(weights_only=weights_only)

exit_code=0
