$ uv run --locked benchmark.py --model gca_mlp --device cpu --backend both --mode both --warmup 5 --iters 20 --cpu-threads 4 --cpu-interop-threads 4 --compile

=== Provenance ===
Python: 3.12.13 (/Users/haro/works/clifra-model-bench/.venv/bin/python3)
PyTorch: 2.14.0
Clifra: 2.0.3
Clifra source: /Users/haro/works/clifra-model-bench/.venv/lib/python3.12/site-packages/clifra/__init__.py
Clifra git commit: installed package
cliffordlayers: 0.1.3.dev7+g74799cf45
reference source: Qualcomm GATr 6afc26f26b8fcf51136ae8c1d264a36e14b6e497; faithful GCA wrapper over cliffordlayers 74799cf4588a065916305bfcf2f030d84918f0ad primitives
benchmark git commit: 459c6c09f30625a6a214ee610e9bcfc4cd84543e
platform: macOS-26.6.2-arm64-arm-64bit / arm64
macOS: 26.6.2
device: cpu
parameter dtypes: torch.float32
CPU intra-op threads: 4
CPU inter-op threads: 4
thread environment: unset
model: gca_mlp in=8, out=8, hidden=32, hidden_layers=3, act_agg=linear, flatten=False, batch=8, items=64
parameter counts: clifra=24,776, reference=24,776
execution: compiled, mode=both

=== Correctness ===
clifra: finite forward, finite backward PASS
reference: finite forward, finite backward PASS
convention roundtrip: PASS
transferred whole-model equivalence: PASS (max=3.353e-08)
transferred layer equivalence: PASS (linear max=1.192e-06, activation max=2.384e-07)
corresponding input and all parameter gradients: PASS
equivariance: not asserted; upstream documents GCA-MLP as using PGA representations but not E(3)-equivariant

=== torch.compile preparation: forward ===
clifra: compile API=281.648 ms, first call=5098.963 ms, output check=PASS, graphs=1, graph_breaks=0, recompile_limit_warning=False
reference: compile API=0.617 ms, first call=4699.680 ms, output check=PASS, graphs=1, graph_breaks=0, recompile_limit_warning=False

=== forward (compiled) ===
backend       min_ms     p25_ms  median_ms     p75_ms     samples/s         MV/s     params
clifra          1.287      1.502      1.636      2.026      4,890.4  2,503,859.6     24,776
reference      50.129     52.376     54.197     55.677        147.6     75,576.3     24,776
speed ratio reference_median / clifra_median = 33.130
> 1.0 = Clifra faster; < 1.0 = reference faster

=== torch.compile preparation: forward+backward ===
clifra: compile API=0.870 ms, first call=6170.979 ms, output/gradients check=PASS, graphs=1, graph_breaks=0, recompile_limit_warning=False
reference: compile API=0.835 ms, first call=11163.284 ms, output/gradients check=PASS, graphs=1, graph_breaks=0, recompile_limit_warning=False

=== forward+backward (compiled) ===
backend       min_ms     p25_ms  median_ms     p75_ms     samples/s         MV/s     params
clifra          3.807      4.186      4.485      4.810      1,783.7    913,249.4     24,776
reference     687.428    713.304    736.295    793.736         10.9      5,563.0     24,776
speed ratio reference_median / clifra_median = 164.165
> 1.0 = Clifra faster; < 1.0 = reference faster
/Users/haro/works/clifra-model-bench/.venv/lib/python3.12/site-packages/cliffordlayers/basisbladeorder.py:116: UserWarning: Sparse invariant checks are implicitly disabled. Memory errors (e.g. SEGFAULT) will occur when operating on a sparse tensor which violates the invariants, but checks incur performance overhead. To silence this warning, explicitly opt in or out. See `torch.sparse.check_sparse_tensor_invariants.__doc__` for guidance.  (Triggered internally at /Users/runner/work/pytorch/pytorch/aten/src/ATen/Context.cpp:855.)
  return torch.sparse_coo_tensor(indices=coords, values=mult_table_vals, size=(n, n, n))

exit_code=0
