$ uv run --locked benchmark.py --model gca_mlp --batch 8 --items 128 --hidden-channels 64 --device cpu --backend both --mode both --warmup 5 --iters 20 --cpu-threads 4 --cpu-interop-threads 4 --compile

=== Provenance ===
Python: 3.12.13 (/Users/haro/works/clifra-model-bench/.venv/bin/python3)
PyTorch: 2.14.0
Clifra: 2.0.3
Clifra source: /Users/haro/works/clifra-model-bench/.venv/lib/python3.12/site-packages/clifra/__init__.py
Clifra git commit: installed package
cliffordlayers: 0.1.3.dev7+g74799cf45
reference source: Qualcomm GATr 6afc26f26b8fcf51136ae8c1d264a36e14b6e497; faithful GCA wrapper over cliffordlayers 74799cf4588a065916305bfcf2f030d84918f0ad primitives
benchmark git commit: 459c6c09f30625a6a214ee610e9bcfc4cd84543e
platform: macOS-26.6.2-arm64-arm-64bit / arm64
macOS: 26.6.2
device: cpu
parameter dtypes: torch.float32
CPU intra-op threads: 4
CPU inter-op threads: 4
thread environment: unset
model: gca_mlp in=8, out=8, hidden=64, hidden_layers=3, act_agg=linear, flatten=False, batch=8, items=128
parameter counts: clifra=86,408, reference=86,408
execution: compiled, mode=both

=== Correctness ===
clifra: finite forward, finite backward PASS
reference: finite forward, finite backward PASS
convention roundtrip: PASS
transferred whole-model equivalence: PASS (max=3.539e-08)
transferred layer equivalence: PASS (linear max=1.907e-06, activation max=3.576e-07)
corresponding input and all parameter gradients: PASS
equivariance: not asserted; upstream documents GCA-MLP as using PGA representations but not E(3)-equivariant

=== torch.compile preparation: forward ===
clifra: compile API=337.263 ms, first call=5445.936 ms, output check=PASS, graphs=1, graph_breaks=0, recompile_limit_warning=False
reference: compile API=0.759 ms, first call=5085.136 ms, output check=PASS, graphs=1, graph_breaks=0, recompile_limit_warning=False

=== forward (compiled) ===
backend       min_ms     p25_ms  median_ms     p75_ms     samples/s         MV/s     params
clifra          4.463      4.599      4.818      5.541      1,660.5  1,700,400.9     86,408
reference     178.597    181.956    183.605    204.405         43.6     44,617.4     86,408
speed ratio reference_median / clifra_median = 38.111
> 1.0 = Clifra faster; < 1.0 = reference faster

=== torch.compile preparation: forward+backward ===
clifra: compile API=0.655 ms, first call=6156.176 ms, output/gradients check=PASS, graphs=1, graph_breaks=0, recompile_limit_warning=False
reference: compile API=0.847 ms, first call=12461.588 ms, output/gradients check=PASS, graphs=1, graph_breaks=0, recompile_limit_warning=False

=== forward+backward (compiled) ===
backend       min_ms     p25_ms  median_ms     p75_ms     samples/s         MV/s     params
clifra         13.485     13.638     13.908     14.263        575.2    589,005.6     86,408
reference    2321.009   2359.929   2410.546   2466.243          3.3      3,398.4     86,408
speed ratio reference_median / clifra_median = 173.318
> 1.0 = Clifra faster; < 1.0 = reference faster
/Users/haro/works/clifra-model-bench/.venv/lib/python3.12/site-packages/cliffordlayers/basisbladeorder.py:116: UserWarning: Sparse invariant checks are implicitly disabled. Memory errors (e.g. SEGFAULT) will occur when operating on a sparse tensor which violates the invariants, but checks incur performance overhead. To silence this warning, explicitly opt in or out. See `torch.sparse.check_sparse_tensor_invariants.__doc__` for guidance.  (Triggered internally at /Users/runner/work/pytorch/pytorch/aten/src/ATen/Context.cpp:855.)
  return torch.sparse_coo_tensor(indices=coords, values=mult_table_vals, size=(n, n, n))

exit_code=0
